2026-07-15 10:09:44,205 | WARNING | Exakte Nachsuche ohne Treffer | Store=DE | Collection-ID=1859696286 | Disc=1 | Track=7 | geladene Titel=1
2026-07-15 10:09:44,205 | INFO | Exakte Nachsuche gefunden | Store=US | Collection-ID=1859696286 | Disc=1 | Track=7 | Song-ID=1859696298 | Titel=Minimum
2026-07-15 10:09:44,207 | WARNING | Exakte Nachsuche ohne Treffer | Store=DE | Collection-ID=1859696286 | Disc=1 | Track=7 | geladene Titel=1
2026-07-15 10:09:44,207 | WARNING | Exakte Nachsuche ohne Treffer | Store=US | Collection-ID=1859696286 | Disc=1 | Track=7 | geladene Titel=1
2026-07-15 10:11:11,950 | WARNING | Exakte Nachsuche ohne Treffer | Store=DE | Collection-ID=1859696286 | Disc=1 | Track=7 | geladene Titel=1
2026-07-15 10:11:11,950 | INFO | Exakte Nachsuche gefunden | Store=US | Collection-ID=1859696286 | Disc=1 | Track=7 | Song-ID=1859696298 | Titel=Minimum
2026-07-15 10:11:11,953 | WARNING | Exakte Nachsuche ohne Treffer | Store=DE | Collection-ID=1859696286 | Disc=1 | Track=7 | geladene Titel=1
2026-07-15 10:11:11,953 | WARNING | Exakte Nachsuche ohne Treffer | Store=US | Collection-ID=1859696286 | Disc=1 | Track=7 | geladene Titel=1
2026-07-15 10:11:11,973 | WARNING | Exakte Nachsuche ohne Treffer | Store=DE | Collection-ID=1859696286 | Disc=1 | Track=7 | geladene Titel=1
2026-07-15 10:11:11,973 | WARNING | Exakte Nachsuche ohne Treffer | Store=US | Collection-ID=1859696286 | Disc=1 | Track=7 | geladene Titel=1
2026-07-15 10:11:11,979 | WARNING | Exakte Nachsuche ohne Treffer | Store=DE | Collection-ID=1859696286 | Disc=1 | Track=7 | geladene Titel=1
2026-07-15 10:11:11,979 | WARNING | Exakte Nachsuche ohne Treffer | Store=US | Collection-ID=1859696286 | Disc=1 | Track=7 | geladene Titel=1
2026-07-15 10:12:17,729 | WARNING | Exakte Nachsuche ohne Treffer | Store=DE | Collection-ID=1859696286 | Disc=1 | Track=7 | geladene Titel=1
2026-07-15 10:12:17,729 | INFO | Exakte Nachsuche gefunden | Store=US | Collection-ID=1859696286 | Disc=1 | Track=7 | Song-ID=1859696298 | Titel=Minimum
2026-07-15 10:12:17,732 | WARNING | Exakte Nachsuche ohne Treffer | Store=DE | Collection-ID=1859696286 | Disc=1 | Track=7 | geladene Titel=1
2026-07-15 10:12:17,733 | WARNING | Exakte Nachsuche ohne Treffer | Store=US | Collection-ID=1859696286 | Disc=1 | Track=7 | geladene Titel=1
2026-07-15 10:12:17,754 | WARNING | Exakte Nachsuche ohne Treffer | Store=DE | Collection-ID=1859696286 | Disc=1 | Track=7 | geladene Titel=1
2026-07-15 10:12:17,754 | WARNING | Exakte Nachsuche ohne Treffer | Store=US | Collection-ID=1859696286 | Disc=1 | Track=7 | geladene Titel=1
2026-07-15 10:12:17,760 | WARNING | Exakte Nachsuche ohne Treffer | Store=DE | Collection-ID=1859696286 | Disc=1 | Track=7 | geladene Titel=1
2026-07-15 10:12:17,760 | WARNING | Exakte Nachsuche ohne Treffer | Store=US | Collection-ID=1859696286 | Disc=1 | Track=7 | geladene Titel=1
2026-07-15 11:03:03,302 | WARNING | Exakte Nachsuche ohne Treffer | Store=DE | Collection-ID=1859696286 | Disc=1 | Track=7 | geladene Titel=1
2026-07-15 11:03:03,302 | INFO | Exakte Nachsuche gefunden | Store=US | Collection-ID=1859696286 | Disc=1 | Track=7 | Song-ID=1859696298 | Titel=Minimum
2026-07-15 11:03:03,303 | WARNING | Exakte Nachsuche ohne Treffer | Store=DE | Collection-ID=1859696286 | Disc=1 | Track=7 | geladene Titel=1
2026-07-15 11:03:03,304 | WARNING | Exakte Nachsuche ohne Treffer | Store=US | Collection-ID=1859696286 | Disc=1 | Track=7 | geladene Titel=1
2026-07-15 11:03:03,311 | INFO | Apple-Rohantwort | Store=US | Collection-ID=1859696286 | resultCount=4 | Einträge=4 | JSON=/tmp/pytest-of-oai/pytest-0/test_lookup_writes_raw_json_an0/cache/apple/lookup_1859696286_US.json
2026-07-15 11:03:03,311 | DEBUG | Apple-Eintrag | Index=0 | Store=US | Collection-ID=1859696286 | wrapperType='collection' | kind=None | itemCollectionId='1859696286' | Disc=None | Track=None | Song-ID=None | Titel=None | Keys=artistName,collectionId,collectionName,trackCount,wrapperType
2026-07-15 11:03:03,312 | INFO | Apple-Collection akzeptiert | Index=0 | Store=US | Collection-ID=1859696286 | Album='Deja Vu 1/2' | Künstler='Clueso' | TrackCount=14
2026-07-15 11:03:03,312 | DEBUG | Apple-Eintrag | Index=1 | Store=US | Collection-ID=1859696286 | wrapperType='track' | kind='song' | itemCollectionId='1859696286' | Disc=1 | Track=7 | Song-ID=1859696298 | Titel='Minimum' | Keys=artistName,collectionId,discCount,discNumber,kind,trackCount,trackId,trackName,trackNumber,wrapperType
2026-07-15 11:03:03,312 | INFO | Apple-Track akzeptiert | Index=1 | Store=US | Collection-ID=1859696286 | Disc=1 | Track=7 | Song-ID=1859696298 | Titel='Minimum'
2026-07-15 11:03:03,313 | DEBUG | Apple-Eintrag | Index=2 | Store=US | Collection-ID=1859696286 | wrapperType='track' | kind=None | itemCollectionId='1859696286' | Disc=1 | Track=8 | Song-ID=999 | Titel='Rejected' | Keys=collectionId,discNumber,kind,trackId,trackName,trackNumber,wrapperType
2026-07-15 11:03:03,313 | WARNING | Apple-Track verworfen | Index=2 | Store=US | Collection-ID=1859696286 | Disc=1 | Track=8 | Song-ID=999 | Titel='Rejected' | Gründe=kind ist None statt 'song'
2026-07-15 11:03:03,313 | DEBUG | Apple-Eintrag | Index=3 | Store=US | Collection-ID=1859696286 | wrapperType='track' | kind='song' | itemCollectionId='999' | Disc=1 | Track=9 | Song-ID=1000 | Titel='Wrong collection' | Keys=collectionId,discNumber,kind,trackId,trackName,trackNumber,wrapperType
2026-07-15 11:03:03,313 | WARNING | Apple-Track verworfen | Index=3 | Store=US | Collection-ID=1859696286 | Disc=1 | Track=9 | Song-ID=1000 | Titel='Wrong collection' | Gründe=collectionId stimmt nicht
2026-07-15 11:03:03,313 | INFO | Album-Lookup abgeschlossen | Store=US | Collection-ID=1859696286 | Album=Deja Vu 1/2 | akzeptierte Titel=1 | verworfene Einträge=2 | JSON=/tmp/pytest-of-oai/pytest-0/test_lookup_writes_raw_json_an0/cache/apple/lookup_1859696286_US.json
2026-07-15 11:03:03,328 | WARNING | Exakte Nachsuche ohne Treffer | Store=DE | Collection-ID=1859696286 | Disc=1 | Track=7 | geladene Titel=1
2026-07-15 11:03:03,328 | WARNING | Exakte Nachsuche ohne Treffer | Store=US | Collection-ID=1859696286 | Disc=1 | Track=7 | geladene Titel=1
2026-07-15 11:03:03,332 | WARNING | Exakte Nachsuche ohne Treffer | Store=DE | Collection-ID=1859696286 | Disc=1 | Track=7 | geladene Titel=1
2026-07-15 11:03:03,332 | WARNING | Exakte Nachsuche ohne Treffer | Store=US | Collection-ID=1859696286 | Disc=1 | Track=7 | geladene Titel=1
2026-07-15 11:32:43,113 | WARNING | session=20260715-113242-f4dd2425 | Exakte Nachsuche ohne Treffer | Store=DE | Collection-ID=1859696286 | Disc=1 | Track=7 | geladene Titel=1
2026-07-15 11:32:43,114 | INFO | session=20260715-113242-f4dd2425 | Exakte Nachsuche gefunden | Store=US | Collection-ID=1859696286 | Disc=1 | Track=7 | Song-ID=1859696298 | Titel=Minimum
2026-07-15 11:32:43,115 | WARNING | session=20260715-113242-f4dd2425 | Exakte Nachsuche ohne Treffer | Store=DE | Collection-ID=1859696286 | Disc=1 | Track=7 | geladene Titel=1
2026-07-15 11:32:43,115 | WARNING | session=20260715-113242-f4dd2425 | Exakte Nachsuche ohne Treffer | Store=US | Collection-ID=1859696286 | Disc=1 | Track=7 | geladene Titel=1
2026-07-15 11:32:43,121 | INFO | session=20260715-113242-f4dd2425 | Apple-Rohantwort | Store=US | Collection-ID=1859696286 | resultCount=4 | Einträge=4 | JSON=/mnt/data/MusicTagStudio_v0.6.8.6/cache/apple/lookup_1859696286_US.json
2026-07-15 11:32:43,121 | DEBUG | session=20260715-113242-f4dd2425 | Apple-Eintrag | Index=0 | Store=US | Collection-ID=1859696286 | wrapperType='collection' | kind=None | itemCollectionId='1859696286' | Disc=None | Track=None | Song-ID=None | Titel=None | Keys=artistName,collectionId,collectionName,trackCount,wrapperType
2026-07-15 11:32:43,121 | INFO | session=20260715-113242-f4dd2425 | Apple-Collection akzeptiert | Index=0 | Store=US | Collection-ID=1859696286 | Album='Deja Vu 1/2' | Künstler='Clueso' | TrackCount=14
2026-07-15 11:32:43,121 | DEBUG | session=20260715-113242-f4dd2425 | Apple-Eintrag | Index=1 | Store=US | Collection-ID=1859696286 | wrapperType='track' | kind='song' | itemCollectionId='1859696286' | Disc=1 | Track=7 | Song-ID=1859696298 | Titel='Minimum' | Keys=artistName,collectionId,discCount,discNumber,kind,trackCount,trackId,trackName,trackNumber,wrapperType
2026-07-15 11:32:43,121 | INFO | session=20260715-113242-f4dd2425 | Apple-Track akzeptiert | Index=1 | Store=US | Collection-ID=1859696286 | Disc=1 | Track=7 | Song-ID=1859696298 | Titel='Minimum'
2026-07-15 11:32:43,121 | DEBUG | session=20260715-113242-f4dd2425 | Apple-Eintrag | Index=2 | Store=US | Collection-ID=1859696286 | wrapperType='track' | kind=None | itemCollectionId='1859696286' | Disc=1 | Track=8 | Song-ID=999 | Titel='Rejected' | Keys=collectionId,discNumber,kind,trackId,trackName,trackNumber,wrapperType
2026-07-15 11:32:43,122 | WARNING | session=20260715-113242-f4dd2425 | Apple-Track verworfen | Index=2 | Store=US | Collection-ID=1859696286 | Disc=1 | Track=8 | Song-ID=999 | Titel='Rejected' | Gründe=kind ist None statt 'song'
2026-07-15 11:32:43,122 | DEBUG | session=20260715-113242-f4dd2425 | Apple-Eintrag | Index=3 | Store=US | Collection-ID=1859696286 | wrapperType='track' | kind='song' | itemCollectionId='999' | Disc=1 | Track=9 | Song-ID=1000 | Titel='Wrong collection' | Keys=collectionId,discNumber,kind,trackId,trackName,trackNumber,wrapperType
2026-07-15 11:32:43,122 | WARNING | session=20260715-113242-f4dd2425 | Apple-Track verworfen | Index=3 | Store=US | Collection-ID=1859696286 | Disc=1 | Track=9 | Song-ID=1000 | Titel='Wrong collection' | Gründe=collectionId stimmt nicht
2026-07-15 11:32:43,122 | INFO | session=20260715-113242-f4dd2425 | Album-Lookup abgeschlossen | Store=US | Collection-ID=1859696286 | Album=Deja Vu 1/2 | akzeptierte Titel=1 | verworfene Einträge=2 | JSON=/mnt/data/MusicTagStudio_v0.6.8.6/cache/apple/lookup_1859696286_US.json
2026-07-15 11:33:39,770 | WARNING | session=20260715-113339-1816249f | Exakte Nachsuche ohne Treffer | Store=DE | Collection-ID=1859696286 | Disc=1 | Track=7 | geladene Titel=1
2026-07-15 11:33:39,770 | INFO | session=20260715-113339-1816249f | Exakte Nachsuche gefunden | Store=US | Collection-ID=1859696286 | Disc=1 | Track=7 | Song-ID=1859696298 | Titel=Minimum
2026-07-15 11:33:39,772 | WARNING | session=20260715-113339-1816249f | Exakte Nachsuche ohne Treffer | Store=DE | Collection-ID=1859696286 | Disc=1 | Track=7 | geladene Titel=1
2026-07-15 11:33:39,772 | WARNING | session=20260715-113339-1816249f | Exakte Nachsuche ohne Treffer | Store=US | Collection-ID=1859696286 | Disc=1 | Track=7 | geladene Titel=1
2026-07-15 11:33:39,779 | INFO | session=20260715-113339-1816249f | Apple-Rohantwort | Store=US | Collection-ID=1859696286 | resultCount=4 | Einträge=4 | JSON=/mnt/data/MusicTagStudio_v0.6.8.6/cache/apple/lookup_1859696286_US.json
2026-07-15 11:33:39,779 | DEBUG | session=20260715-113339-1816249f | Apple-Eintrag | Index=0 | Store=US | Collection-ID=1859696286 | wrapperType='collection' | kind=None | itemCollectionId='1859696286' | Disc=None | Track=None | Song-ID=None | Titel=None | Keys=artistName,collectionId,collectionName,trackCount,wrapperType
2026-07-15 11:33:39,780 | INFO | session=20260715-113339-1816249f | Apple-Collection akzeptiert | Index=0 | Store=US | Collection-ID=1859696286 | Album='Deja Vu 1/2' | Künstler='Clueso' | TrackCount=14
2026-07-15 11:33:39,780 | DEBUG | session=20260715-113339-1816249f | Apple-Eintrag | Index=1 | Store=US | Collection-ID=1859696286 | wrapperType='track' | kind='song' | itemCollectionId='1859696286' | Disc=1 | Track=7 | Song-ID=1859696298 | Titel='Minimum' | Keys=artistName,collectionId,discCount,discNumber,kind,trackCount,trackId,trackName,trackNumber,wrapperType
2026-07-15 11:33:39,780 | INFO | session=20260715-113339-1816249f | Apple-Track akzeptiert | Index=1 | Store=US | Collection-ID=1859696286 | Disc=1 | Track=7 | Song-ID=1859696298 | Titel='Minimum'
2026-07-15 11:33:39,780 | DEBUG | session=20260715-113339-1816249f | Apple-Eintrag | Index=2 | Store=US | Collection-ID=1859696286 | wrapperType='track' | kind=None | itemCollectionId='1859696286' | Disc=1 | Track=8 | Song-ID=999 | Titel='Rejected' | Keys=collectionId,discNumber,kind,trackId,trackName,trackNumber,wrapperType
2026-07-15 11:33:39,780 | WARNING | session=20260715-113339-1816249f | Apple-Track verworfen | Index=2 | Store=US | Collection-ID=1859696286 | Disc=1 | Track=8 | Song-ID=999 | Titel='Rejected' | Gründe=kind ist None statt 'song'
2026-07-15 11:33:39,780 | DEBUG | session=20260715-113339-1816249f | Apple-Eintrag | Index=3 | Store=US | Collection-ID=1859696286 | wrapperType='track' | kind='song' | itemCollectionId='999' | Disc=1 | Track=9 | Song-ID=1000 | Titel='Wrong collection' | Keys=collectionId,discNumber,kind,trackId,trackName,trackNumber,wrapperType
2026-07-15 11:33:39,780 | WARNING | session=20260715-113339-1816249f | Apple-Track verworfen | Index=3 | Store=US | Collection-ID=1859696286 | Disc=1 | Track=9 | Song-ID=1000 | Titel='Wrong collection' | Gründe=collectionId stimmt nicht
2026-07-15 11:33:39,780 | INFO | session=20260715-113339-1816249f | Album-Lookup abgeschlossen | Store=US | Collection-ID=1859696286 | Album=Deja Vu 1/2 | akzeptierte Titel=1 | verworfene Einträge=2 | JSON=/mnt/data/MusicTagStudio_v0.6.8.6/cache/apple/lookup_1859696286_US.json
2026-07-15 11:33:39,967 | WARNING | session=20260715-113339-1816249f | Exakte Nachsuche ohne Treffer | Store=DE | Collection-ID=1859696286 | Disc=1 | Track=7 | geladene Titel=1
2026-07-15 11:33:39,967 | WARNING | session=20260715-113339-1816249f | Exakte Nachsuche ohne Treffer | Store=US | Collection-ID=1859696286 | Disc=1 | Track=7 | geladene Titel=1
2026-07-15 11:33:39,975 | WARNING | session=20260715-113339-1816249f | Exakte Nachsuche ohne Treffer | Store=DE | Collection-ID=1859696286 | Disc=1 | Track=7 | geladene Titel=1
2026-07-15 11:33:39,976 | WARNING | session=20260715-113339-1816249f | Exakte Nachsuche ohne Treffer | Store=US | Collection-ID=1859696286 | Disc=1 | Track=7 | geladene Titel=1
2026-07-15 11:34:50,713 | WARNING | session=20260715-113450-fbbf95ef | Exakte Nachsuche ohne Treffer | Store=DE | Collection-ID=1859696286 | Disc=1 | Track=7 | geladene Titel=1
2026-07-15 11:34:50,713 | INFO | session=20260715-113450-fbbf95ef | Exakte Nachsuche gefunden | Store=US | Collection-ID=1859696286 | Disc=1 | Track=7 | Song-ID=1859696298 | Titel=Minimum
2026-07-15 11:34:50,714 | WARNING | session=20260715-113450-fbbf95ef | Exakte Nachsuche ohne Treffer | Store=DE | Collection-ID=1859696286 | Disc=1 | Track=7 | geladene Titel=1
2026-07-15 11:34:50,715 | WARNING | session=20260715-113450-fbbf95ef | Exakte Nachsuche ohne Treffer | Store=US | Collection-ID=1859696286 | Disc=1 | Track=7 | geladene Titel=1
2026-07-15 11:34:50,722 | INFO | session=20260715-113450-fbbf95ef | Apple-Rohantwort | Store=US | Collection-ID=1859696286 | resultCount=4 | Einträge=4 | JSON=/tmp/pytest-of-oai/pytest-3/test_lookup_writes_raw_json_an0/cache/apple/lookup_1859696286_US.json
2026-07-15 11:34:50,722 | DEBUG | session=20260715-113450-fbbf95ef | Apple-Eintrag | Index=0 | Store=US | Collection-ID=1859696286 | wrapperType='collection' | kind=None | itemCollectionId='1859696286' | Disc=None | Track=None | Song-ID=None | Titel=None | Keys=artistName,collectionId,collectionName,trackCount,wrapperType
2026-07-15 11:34:50,722 | INFO | session=20260715-113450-fbbf95ef | Apple-Collection akzeptiert | Index=0 | Store=US | Collection-ID=1859696286 | Album='Deja Vu 1/2' | Künstler='Clueso' | TrackCount=14
2026-07-15 11:34:50,722 | DEBUG | session=20260715-113450-fbbf95ef | Apple-Eintrag | Index=1 | Store=US | Collection-ID=1859696286 | wrapperType='track' | kind='song' | itemCollectionId='1859696286' | Disc=1 | Track=7 | Song-ID=1859696298 | Titel='Minimum' | Keys=artistName,collectionId,discCount,discNumber,kind,trackCount,trackId,trackName,trackNumber,wrapperType
2026-07-15 11:34:50,723 | INFO | session=20260715-113450-fbbf95ef | Apple-Track akzeptiert | Index=1 | Store=US | Collection-ID=1859696286 | Disc=1 | Track=7 | Song-ID=1859696298 | Titel='Minimum'
2026-07-15 11:34:50,723 | DEBUG | session=20260715-113450-fbbf95ef | Apple-Eintrag | Index=2 | Store=US | Collection-ID=1859696286 | wrapperType='track' | kind=None | itemCollectionId='1859696286' | Disc=1 | Track=8 | Song-ID=999 | Titel='Rejected' | Keys=collectionId,discNumber,kind,trackId,trackName,trackNumber,wrapperType
2026-07-15 11:34:50,723 | WARNING | session=20260715-113450-fbbf95ef | Apple-Track verworfen | Index=2 | Store=US | Collection-ID=1859696286 | Disc=1 | Track=8 | Song-ID=999 | Titel='Rejected' | Gründe=kind ist None statt 'song'
2026-07-15 11:34:50,723 | DEBUG | session=20260715-113450-fbbf95ef | Apple-Eintrag | Index=3 | Store=US | Collection-ID=1859696286 | wrapperType='track' | kind='song' | itemCollectionId='999' | Disc=1 | Track=9 | Song-ID=1000 | Titel='Wrong collection' | Keys=collectionId,discNumber,kind,trackId,trackName,trackNumber,wrapperType
2026-07-15 11:34:50,723 | WARNING | session=20260715-113450-fbbf95ef | Apple-Track verworfen | Index=3 | Store=US | Collection-ID=1859696286 | Disc=1 | Track=9 | Song-ID=1000 | Titel='Wrong collection' | Gründe=collectionId stimmt nicht
2026-07-15 11:34:50,723 | INFO | session=20260715-113450-fbbf95ef | Album-Lookup abgeschlossen | Store=US | Collection-ID=1859696286 | Album=Deja Vu 1/2 | akzeptierte Titel=1 | verworfene Einträge=2 | JSON=/tmp/pytest-of-oai/pytest-3/test_lookup_writes_raw_json_an0/cache/apple/lookup_1859696286_US.json
2026-07-15 11:34:50,742 | WARNING | session=20260715-113450-fbbf95ef | Exakte Nachsuche ohne Treffer | Store=DE | Collection-ID=1859696286 | Disc=1 | Track=7 | geladene Titel=1
2026-07-15 11:34:50,742 | WARNING | session=20260715-113450-fbbf95ef | Exakte Nachsuche ohne Treffer | Store=US | Collection-ID=1859696286 | Disc=1 | Track=7 | geladene Titel=1
2026-07-15 11:34:50,748 | WARNING | session=20260715-113450-fbbf95ef | Exakte Nachsuche ohne Treffer | Store=DE | Collection-ID=1859696286 | Disc=1 | Track=7 | geladene Titel=1
2026-07-15 11:34:50,748 | WARNING | session=20260715-113450-fbbf95ef | Exakte Nachsuche ohne Treffer | Store=US | Collection-ID=1859696286 | Disc=1 | Track=7 | geladene Titel=1
2026-07-15 11:58:11,405 | WARNING | session=20260715-115810-8cbb82e6 | Exakte Nachsuche ohne Treffer | Store=DE | Collection-ID=1859696286 | Disc=1 | Track=7 | geladene Titel=1
2026-07-15 11:58:11,405 | INFO | session=20260715-115810-8cbb82e6 | Exakte Nachsuche gefunden | Store=US | Collection-ID=1859696286 | Disc=1 | Track=7 | Song-ID=1859696298 | Titel=Minimum
2026-07-15 11:58:11,406 | WARNING | session=20260715-115810-8cbb82e6 | Exakte Nachsuche ohne Treffer | Store=DE | Collection-ID=1859696286 | Disc=1 | Track=7 | geladene Titel=1
2026-07-15 11:58:11,407 | WARNING | session=20260715-115810-8cbb82e6 | Exakte Nachsuche ohne Treffer | Store=US | Collection-ID=1859696286 | Disc=1 | Track=7 | geladene Titel=1
2026-07-15 11:58:11,413 | INFO | session=20260715-115810-8cbb82e6 | Apple-Rohantwort | Store=US | Collection-ID=1859696286 | resultCount=4 | Einträge=4 | JSON=/tmp/pytest-of-root/pytest-0/test_lookup_writes_raw_json_an0/cache/apple/lookup_1859696286_US.json
2026-07-15 11:58:11,413 | DEBUG | session=20260715-115810-8cbb82e6 | Apple-Eintrag | Index=0 | Store=US | Collection-ID=1859696286 | wrapperType='collection' | kind=None | itemCollectionId='1859696286' | Disc=None | Track=None | Song-ID=None | Titel=None | Keys=artistName,collectionId,collectionName,trackCount,wrapperType
2026-07-15 11:58:11,413 | INFO | session=20260715-115810-8cbb82e6 | Apple-Collection akzeptiert | Index=0 | Store=US | Collection-ID=1859696286 | Album='Deja Vu 1/2' | Künstler='Clueso' | TrackCount=14
2026-07-15 11:58:11,413 | DEBUG | session=20260715-115810-8cbb82e6 | Apple-Eintrag | Index=1 | Store=US | Collection-ID=1859696286 | wrapperType='track' | kind='song' | itemCollectionId='1859696286' | Disc=1 | Track=7 | Song-ID=1859696298 | Titel='Minimum' | Keys=artistName,collectionId,discCount,discNumber,kind,trackCount,trackId,trackName,trackNumber,wrapperType
2026-07-15 11:58:11,413 | INFO | session=20260715-115810-8cbb82e6 | Apple-Track akzeptiert | Index=1 | Store=US | Collection-ID=1859696286 | Disc=1 | Track=7 | Song-ID=1859696298 | Titel='Minimum'
2026-07-15 11:58:11,413 | DEBUG | session=20260715-115810-8cbb82e6 | Apple-Eintrag | Index=2 | Store=US | Collection-ID=1859696286 | wrapperType='track' | kind=None | itemCollectionId='1859696286' | Disc=1 | Track=8 | Song-ID=999 | Titel='Rejected' | Keys=collectionId,discNumber,kind,trackId,trackName,trackNumber,wrapperType
2026-07-15 11:58:11,413 | WARNING | session=20260715-115810-8cbb82e6 | Apple-Track verworfen | Index=2 | Store=US | Collection-ID=1859696286 | Disc=1 | Track=8 | Song-ID=999 | Titel='Rejected' | Gründe=kind ist None statt 'song'
2026-07-15 11:58:11,413 | DEBUG | session=20260715-115810-8cbb82e6 | Apple-Eintrag | Index=3 | Store=US | Collection-ID=1859696286 | wrapperType='track' | kind='song' | itemCollectionId='999' | Disc=1 | Track=9 | Song-ID=1000 | Titel='Wrong collection' | Keys=collectionId,discNumber,kind,trackId,trackName,trackNumber,wrapperType
2026-07-15 11:58:11,413 | WARNING | session=20260715-115810-8cbb82e6 | Apple-Track verworfen | Index=3 | Store=US | Collection-ID=1859696286 | Disc=1 | Track=9 | Song-ID=1000 | Titel='Wrong collection' | Gründe=collectionId stimmt nicht
2026-07-15 11:58:11,414 | INFO | session=20260715-115810-8cbb82e6 | Album-Lookup abgeschlossen | Store=US | Collection-ID=1859696286 | Album=Deja Vu 1/2 | akzeptierte Titel=1 | verworfene Einträge=2 | JSON=/tmp/pytest-of-root/pytest-0/test_lookup_writes_raw_json_an0/cache/apple/lookup_1859696286_US.json
2026-07-15 11:58:11,429 | WARNING | session=20260715-115810-8cbb82e6 | Exakte Nachsuche ohne Treffer | Store=DE | Collection-ID=1859696286 | Disc=1 | Track=7 | geladene Titel=1
2026-07-15 11:58:11,429 | WARNING | session=20260715-115810-8cbb82e6 | Exakte Nachsuche ohne Treffer | Store=US | Collection-ID=1859696286 | Disc=1 | Track=7 | geladene Titel=1
2026-07-15 11:58:11,433 | WARNING | session=20260715-115810-8cbb82e6 | Exakte Nachsuche ohne Treffer | Store=DE | Collection-ID=1859696286 | Disc=1 | Track=7 | geladene Titel=1
2026-07-15 11:58:11,433 | WARNING | session=20260715-115810-8cbb82e6 | Exakte Nachsuche ohne Treffer | Store=US | Collection-ID=1859696286 | Disc=1 | Track=7 | geladene Titel=1
2026-07-15 11:59:17,669 | WARNING | session=20260715-115916-a279bee6 | Exakte Nachsuche ohne Treffer | Store=DE | Collection-ID=1859696286 | Disc=1 | Track=7 | geladene Titel=1
2026-07-15 11:59:17,669 | INFO | session=20260715-115916-a279bee6 | Exakte Nachsuche gefunden | Store=US | Collection-ID=1859696286 | Disc=1 | Track=7 | Song-ID=1859696298 | Titel=Minimum
2026-07-15 11:59:17,670 | WARNING | session=20260715-115916-a279bee6 | Exakte Nachsuche ohne Treffer | Store=DE | Collection-ID=1859696286 | Disc=1 | Track=7 | geladene Titel=1
2026-07-15 11:59:17,670 | WARNING | session=20260715-115916-a279bee6 | Exakte Nachsuche ohne Treffer | Store=US | Collection-ID=1859696286 | Disc=1 | Track=7 | geladene Titel=1
2026-07-15 11:59:17,679 | INFO | session=20260715-115916-a279bee6 | Apple-Rohantwort | Store=US | Collection-ID=1859696286 | resultCount=4 | Einträge=4 | JSON=/tmp/pytest-of-root/pytest-1/test_lookup_writes_raw_json_an0/cache/apple/lookup_1859696286_US.json
2026-07-15 11:59:17,679 | DEBUG | session=20260715-115916-a279bee6 | Apple-Eintrag | Index=0 | Store=US | Collection-ID=1859696286 | wrapperType='collection' | kind=None | itemCollectionId='1859696286' | Disc=None | Track=None | Song-ID=None | Titel=None | Keys=artistName,collectionId,collectionName,trackCount,wrapperType
2026-07-15 11:59:17,679 | INFO | session=20260715-115916-a279bee6 | Apple-Collection akzeptiert | Index=0 | Store=US | Collection-ID=1859696286 | Album='Deja Vu 1/2' | Künstler='Clueso' | TrackCount=14
2026-07-15 11:59:17,679 | DEBUG | session=20260715-115916-a279bee6 | Apple-Eintrag | Index=1 | Store=US | Collection-ID=1859696286 | wrapperType='track' | kind='song' | itemCollectionId='1859696286' | Disc=1 | Track=7 | Song-ID=1859696298 | Titel='Minimum' | Keys=artistName,collectionId,discCount,discNumber,kind,trackCount,trackId,trackName,trackNumber,wrapperType
2026-07-15 11:59:17,679 | INFO | session=20260715-115916-a279bee6 | Apple-Track akzeptiert | Index=1 | Store=US | Collection-ID=1859696286 | Disc=1 | Track=7 | Song-ID=1859696298 | Titel='Minimum'
2026-07-15 11:59:17,679 | DEBUG | session=20260715-115916-a279bee6 | Apple-Eintrag | Index=2 | Store=US | Collection-ID=1859696286 | wrapperType='track' | kind=None | itemCollectionId='1859696286' | Disc=1 | Track=8 | Song-ID=999 | Titel='Rejected' | Keys=collectionId,discNumber,kind,trackId,trackName,trackNumber,wrapperType
2026-07-15 11:59:17,680 | WARNING | session=20260715-115916-a279bee6 | Apple-Track verworfen | Index=2 | Store=US | Collection-ID=1859696286 | Disc=1 | Track=8 | Song-ID=999 | Titel='Rejected' | Gründe=kind ist None statt 'song'
2026-07-15 11:59:17,680 | DEBUG | session=20260715-115916-a279bee6 | Apple-Eintrag | Index=3 | Store=US | Collection-ID=1859696286 | wrapperType='track' | kind='song' | itemCollectionId='999' | Disc=1 | Track=9 | Song-ID=1000 | Titel='Wrong collection' | Keys=collectionId,discNumber,kind,trackId,trackName,trackNumber,wrapperType
2026-07-15 11:59:17,680 | WARNING | session=20260715-115916-a279bee6 | Apple-Track verworfen | Index=3 | Store=US | Collection-ID=1859696286 | Disc=1 | Track=9 | Song-ID=1000 | Titel='Wrong collection' | Gründe=collectionId stimmt nicht
2026-07-15 11:59:17,680 | INFO | session=20260715-115916-a279bee6 | Album-Lookup abgeschlossen | Store=US | Collection-ID=1859696286 | Album=Deja Vu 1/2 | akzeptierte Titel=1 | verworfene Einträge=2 | JSON=/tmp/pytest-of-root/pytest-1/test_lookup_writes_raw_json_an0/cache/apple/lookup_1859696286_US.json
2026-07-15 11:59:17,694 | WARNING | session=20260715-115916-a279bee6 | Exakte Nachsuche ohne Treffer | Store=DE | Collection-ID=1859696286 | Disc=1 | Track=7 | geladene Titel=1
2026-07-15 11:59:17,694 | WARNING | session=20260715-115916-a279bee6 | Exakte Nachsuche ohne Treffer | Store=US | Collection-ID=1859696286 | Disc=1 | Track=7 | geladene Titel=1
2026-07-15 11:59:17,699 | WARNING | session=20260715-115916-a279bee6 | Exakte Nachsuche ohne Treffer | Store=DE | Collection-ID=1859696286 | Disc=1 | Track=7 | geladene Titel=1
2026-07-15 11:59:17,699 | WARNING | session=20260715-115916-a279bee6 | Exakte Nachsuche ohne Treffer | Store=US | Collection-ID=1859696286 | Disc=1 | Track=7 | geladene Titel=1
2026-07-15 11:59:56,111 | WARNING | session=20260715-115955-01aaae5f | Exakte Nachsuche ohne Treffer | Store=DE | Collection-ID=1859696286 | Disc=1 | Track=7 | geladene Titel=1
2026-07-15 11:59:56,112 | INFO | session=20260715-115955-01aaae5f | Exakte Nachsuche gefunden | Store=US | Collection-ID=1859696286 | Disc=1 | Track=7 | Song-ID=1859696298 | Titel=Minimum
2026-07-15 11:59:56,113 | WARNING | session=20260715-115955-01aaae5f | Exakte Nachsuche ohne Treffer | Store=DE | Collection-ID=1859696286 | Disc=1 | Track=7 | geladene Titel=1
2026-07-15 11:59:56,113 | WARNING | session=20260715-115955-01aaae5f | Exakte Nachsuche ohne Treffer | Store=US | Collection-ID=1859696286 | Disc=1 | Track=7 | geladene Titel=1
2026-07-15 11:59:56,120 | INFO | session=20260715-115955-01aaae5f | Apple-Rohantwort | Store=US | Collection-ID=1859696286 | resultCount=4 | Einträge=4 | JSON=/tmp/pytest-of-root/pytest-2/test_lookup_writes_raw_json_an0/cache/apple/lookup_1859696286_US.json
2026-07-15 11:59:56,120 | DEBUG | session=20260715-115955-01aaae5f | Apple-Eintrag | Index=0 | Store=US | Collection-ID=1859696286 | wrapperType='collection' | kind=None | itemCollectionId='1859696286' | Disc=None | Track=None | Song-ID=None | Titel=None | Keys=artistName,collectionId,collectionName,trackCount,wrapperType
2026-07-15 11:59:56,120 | INFO | session=20260715-115955-01aaae5f | Apple-Collection akzeptiert | Index=0 | Store=US | Collection-ID=1859696286 | Album='Deja Vu 1/2' | Künstler='Clueso' | TrackCount=14
2026-07-15 11:59:56,120 | DEBUG | session=20260715-115955-01aaae5f | Apple-Eintrag | Index=1 | Store=US | Collection-ID=1859696286 | wrapperType='track' | kind='song' | itemCollectionId='1859696286' | Disc=1 | Track=7 | Song-ID=1859696298 | Titel='Minimum' | Keys=artistName,collectionId,discCount,discNumber,kind,trackCount,trackId,trackName,trackNumber,wrapperType
2026-07-15 11:59:56,120 | INFO | session=20260715-115955-01aaae5f | Apple-Track akzeptiert | Index=1 | Store=US | Collection-ID=1859696286 | Disc=1 | Track=7 | Song-ID=1859696298 | Titel='Minimum'
2026-07-15 11:59:56,120 | DEBUG | session=20260715-115955-01aaae5f | Apple-Eintrag | Index=2 | Store=US | Collection-ID=1859696286 | wrapperType='track' | kind=None | itemCollectionId='1859696286' | Disc=1 | Track=8 | Song-ID=999 | Titel='Rejected' | Keys=collectionId,discNumber,kind,trackId,trackName,trackNumber,wrapperType
2026-07-15 11:59:56,120 | WARNING | session=20260715-115955-01aaae5f | Apple-Track verworfen | Index=2 | Store=US | Collection-ID=1859696286 | Disc=1 | Track=8 | Song-ID=999 | Titel='Rejected' | Gründe=kind ist None statt 'song'
2026-07-15 11:59:56,120 | DEBUG | session=20260715-115955-01aaae5f | Apple-Eintrag | Index=3 | Store=US | Collection-ID=1859696286 | wrapperType='track' | kind='song' | itemCollectionId='999' | Disc=1 | Track=9 | Song-ID=1000 | Titel='Wrong collection' | Keys=collectionId,discNumber,kind,trackId,trackName,trackNumber,wrapperType
2026-07-15 11:59:56,120 | WARNING | session=20260715-115955-01aaae5f | Apple-Track verworfen | Index=3 | Store=US | Collection-ID=1859696286 | Disc=1 | Track=9 | Song-ID=1000 | Titel='Wrong collection' | Gründe=collectionId stimmt nicht
2026-07-15 11:59:56,120 | INFO | session=20260715-115955-01aaae5f | Album-Lookup abgeschlossen | Store=US | Collection-ID=1859696286 | Album=Deja Vu 1/2 | akzeptierte Titel=1 | verworfene Einträge=2 | JSON=/tmp/pytest-of-root/pytest-2/test_lookup_writes_raw_json_an0/cache/apple/lookup_1859696286_US.json
2026-07-15 11:59:56,135 | WARNING | session=20260715-115955-01aaae5f | Exakte Nachsuche ohne Treffer | Store=DE | Collection-ID=1859696286 | Disc=1 | Track=7 | geladene Titel=1
2026-07-15 11:59:56,135 | WARNING | session=20260715-115955-01aaae5f | Exakte Nachsuche ohne Treffer | Store=US | Collection-ID=1859696286 | Disc=1 | Track=7 | geladene Titel=1
2026-07-15 11:59:56,140 | WARNING | session=20260715-115955-01aaae5f | Exakte Nachsuche ohne Treffer | Store=DE | Collection-ID=1859696286 | Disc=1 | Track=7 | geladene Titel=1
2026-07-15 11:59:56,140 | WARNING | session=20260715-115955-01aaae5f | Exakte Nachsuche ohne Treffer | Store=US | Collection-ID=1859696286 | Disc=1 | Track=7 | geladene Titel=1
2026-07-15 12:00:35,319 | WARNING | session=20260715-120034-9fa71213 | Exakte Nachsuche ohne Treffer | Store=DE | Collection-ID=1859696286 | Disc=1 | Track=7 | geladene Titel=1
2026-07-15 12:00:35,319 | INFO | session=20260715-120034-9fa71213 | Exakte Nachsuche gefunden | Store=US | Collection-ID=1859696286 | Disc=1 | Track=7 | Song-ID=1859696298 | Titel=Minimum
2026-07-15 12:00:35,327 | WARNING | session=20260715-120034-9fa71213 | Exakte Nachsuche ohne Treffer | Store=DE | Collection-ID=1859696286 | Disc=1 | Track=7 | geladene Titel=1
2026-07-15 12:00:35,327 | WARNING | session=20260715-120034-9fa71213 | Exakte Nachsuche ohne Treffer | Store=US | Collection-ID=1859696286 | Disc=1 | Track=7 | geladene Titel=1
2026-07-15 12:00:35,333 | INFO | session=20260715-120034-9fa71213 | Apple-Rohantwort | Store=US | Collection-ID=1859696286 | resultCount=4 | Einträge=4 | JSON=/tmp/pytest-of-root/pytest-3/test_lookup_writes_raw_json_an0/cache/apple/lookup_1859696286_US.json
2026-07-15 12:00:35,333 | DEBUG | session=20260715-120034-9fa71213 | Apple-Eintrag | Index=0 | Store=US | Collection-ID=1859696286 | wrapperType='collection' | kind=None | itemCollectionId='1859696286' | Disc=None | Track=None | Song-ID=None | Titel=None | Keys=artistName,collectionId,collectionName,trackCount,wrapperType
2026-07-15 12:00:35,334 | INFO | session=20260715-120034-9fa71213 | Apple-Collection akzeptiert | Index=0 | Store=US | Collection-ID=1859696286 | Album='Deja Vu 1/2' | Künstler='Clueso' | TrackCount=14
2026-07-15 12:00:35,334 | DEBUG | session=20260715-120034-9fa71213 | Apple-Eintrag | Index=1 | Store=US | Collection-ID=1859696286 | wrapperType='track' | kind='song' | itemCollectionId='1859696286' | Disc=1 | Track=7 | Song-ID=1859696298 | Titel='Minimum' | Keys=artistName,collectionId,discCount,discNumber,kind,trackCount,trackId,trackName,trackNumber,wrapperType
2026-07-15 12:00:35,334 | INFO | session=20260715-120034-9fa71213 | Apple-Track akzeptiert | Index=1 | Store=US | Collection-ID=1859696286 | Disc=1 | Track=7 | Song-ID=1859696298 | Titel='Minimum'
2026-07-15 12:00:35,334 | DEBUG | session=20260715-120034-9fa71213 | Apple-Eintrag | Index=2 | Store=US | Collection-ID=1859696286 | wrapperType='track' | kind=None | itemCollectionId='1859696286' | Disc=1 | Track=8 | Song-ID=999 | Titel='Rejected' | Keys=collectionId,discNumber,kind,trackId,trackName,trackNumber,wrapperType
2026-07-15 12:00:35,334 | WARNING | session=20260715-120034-9fa71213 | Apple-Track verworfen | Index=2 | Store=US | Collection-ID=1859696286 | Disc=1 | Track=8 | Song-ID=999 | Titel='Rejected' | Gründe=kind ist None statt 'song'
2026-07-15 12:00:35,334 | DEBUG | session=20260715-120034-9fa71213 | Apple-Eintrag | Index=3 | Store=US | Collection-ID=1859696286 | wrapperType='track' | kind='song' | itemCollectionId='999' | Disc=1 | Track=9 | Song-ID=1000 | Titel='Wrong collection' | Keys=collectionId,discNumber,kind,trackId,trackName,trackNumber,wrapperType
2026-07-15 12:00:35,334 | WARNING | session=20260715-120034-9fa71213 | Apple-Track verworfen | Index=3 | Store=US | Collection-ID=1859696286 | Disc=1 | Track=9 | Song-ID=1000 | Titel='Wrong collection' | Gründe=collectionId stimmt nicht
2026-07-15 12:00:35,335 | INFO | session=20260715-120034-9fa71213 | Album-Lookup abgeschlossen | Store=US | Collection-ID=1859696286 | Album=Deja Vu 1/2 | akzeptierte Titel=1 | verworfene Einträge=2 | JSON=/tmp/pytest-of-root/pytest-3/test_lookup_writes_raw_json_an0/cache/apple/lookup_1859696286_US.json
2026-07-15 12:00:35,352 | WARNING | session=20260715-120034-9fa71213 | Exakte Nachsuche ohne Treffer | Store=DE | Collection-ID=1859696286 | Disc=1 | Track=7 | geladene Titel=1
2026-07-15 12:00:35,352 | WARNING | session=20260715-120034-9fa71213 | Exakte Nachsuche ohne Treffer | Store=US | Collection-ID=1859696286 | Disc=1 | Track=7 | geladene Titel=1
2026-07-15 12:00:35,356 | WARNING | session=20260715-120034-9fa71213 | Exakte Nachsuche ohne Treffer | Store=DE | Collection-ID=1859696286 | Disc=1 | Track=7 | geladene Titel=1
2026-07-15 12:00:35,356 | WARNING | session=20260715-120034-9fa71213 | Exakte Nachsuche ohne Treffer | Store=US | Collection-ID=1859696286 | Disc=1 | Track=7 | geladene Titel=1
2026-07-15 13:42:28,928 | WARNING | session=20260715-134228-05edaac5 | Exakte Nachsuche ohne Treffer | Store=DE | Collection-ID=1859696286 | Disc=1 | Track=7 | geladene Titel=1
2026-07-15 13:42:28,928 | INFO | session=20260715-134228-05edaac5 | Exakte Nachsuche gefunden | Store=US | Collection-ID=1859696286 | Disc=1 | Track=7 | Song-ID=1859696298 | Titel=Minimum
2026-07-15 13:42:28,929 | WARNING | session=20260715-134228-05edaac5 | Exakte Nachsuche ohne Treffer | Store=DE | Collection-ID=1859696286 | Disc=1 | Track=7 | geladene Titel=1
2026-07-15 13:42:28,935 | WARNING | session=20260715-134228-05edaac5 | Exakte Nachsuche ohne Treffer | Store=US | Collection-ID=1859696286 | Disc=1 | Track=7 | geladene Titel=1
2026-07-15 13:42:28,940 | INFO | session=20260715-134228-05edaac5 | Apple-Rohantwort | Store=US | Collection-ID=1859696286 | resultCount=4 | Einträge=4 | JSON=/tmp/pytest-of-oai/pytest-0/test_lookup_writes_raw_json_an0/cache/apple/lookup_1859696286_US.json
2026-07-15 13:42:28,940 | DEBUG | session=20260715-134228-05edaac5 | Apple-Eintrag | Index=0 | Store=US | Collection-ID=1859696286 | wrapperType='collection' | kind=None | itemCollectionId='1859696286' | Disc=None | Track=None | Song-ID=None | Titel=None | Keys=artistName,collectionId,collectionName,trackCount,wrapperType
2026-07-15 13:42:28,940 | INFO | session=20260715-134228-05edaac5 | Apple-Collection akzeptiert | Index=0 | Store=US | Collection-ID=1859696286 | Album='Deja Vu 1/2' | Künstler='Clueso' | TrackCount=14
2026-07-15 13:42:28,940 | DEBUG | session=20260715-134228-05edaac5 | Apple-Eintrag | Index=1 | Store=US | Collection-ID=1859696286 | wrapperType='track' | kind='song' | itemCollectionId='1859696286' | Disc=1 | Track=7 | Song-ID=1859696298 | Titel='Minimum' | Keys=artistName,collectionId,discCount,discNumber,kind,trackCount,trackId,trackName,trackNumber,wrapperType
2026-07-15 13:42:28,941 | INFO | session=20260715-134228-05edaac5 | Apple-Track akzeptiert | Index=1 | Store=US | Collection-ID=1859696286 | Disc=1 | Track=7 | Song-ID=1859696298 | Titel='Minimum'
2026-07-15 13:42:28,941 | DEBUG | session=20260715-134228-05edaac5 | Apple-Eintrag | Index=2 | Store=US | Collection-ID=1859696286 | wrapperType='track' | kind=None | itemCollectionId='1859696286' | Disc=1 | Track=8 | Song-ID=999 | Titel='Rejected' | Keys=collectionId,discNumber,kind,trackId,trackName,trackNumber,wrapperType
2026-07-15 13:42:28,941 | WARNING | session=20260715-134228-05edaac5 | Apple-Track verworfen | Index=2 | Store=US | Collection-ID=1859696286 | Disc=1 | Track=8 | Song-ID=999 | Titel='Rejected' | Gründe=kind ist None statt 'song'
2026-07-15 13:42:28,941 | DEBUG | session=20260715-134228-05edaac5 | Apple-Eintrag | Index=3 | Store=US | Collection-ID=1859696286 | wrapperType='track' | kind='song' | itemCollectionId='999' | Disc=1 | Track=9 | Song-ID=1000 | Titel='Wrong collection' | Keys=collectionId,discNumber,kind,trackId,trackName,trackNumber,wrapperType
2026-07-15 13:42:28,941 | WARNING | session=20260715-134228-05edaac5 | Apple-Track verworfen | Index=3 | Store=US | Collection-ID=1859696286 | Disc=1 | Track=9 | Song-ID=1000 | Titel='Wrong collection' | Gründe=collectionId stimmt nicht
2026-07-15 13:42:28,941 | INFO | session=20260715-134228-05edaac5 | Album-Lookup abgeschlossen | Store=US | Collection-ID=1859696286 | Album=Deja Vu 1/2 | akzeptierte Titel=1 | verworfene Einträge=2 | JSON=/tmp/pytest-of-oai/pytest-0/test_lookup_writes_raw_json_an0/cache/apple/lookup_1859696286_US.json
2026-07-15 13:42:28,950 | WARNING | session=20260715-134228-05edaac5 | Exakte Nachsuche ohne Treffer | Store=DE | Collection-ID=1859696286 | Disc=1 | Track=7 | geladene Titel=1
2026-07-15 13:42:28,950 | WARNING | session=20260715-134228-05edaac5 | Exakte Nachsuche ohne Treffer | Store=US | Collection-ID=1859696286 | Disc=1 | Track=7 | geladene Titel=1
2026-07-15 13:42:28,952 | WARNING | session=20260715-134228-05edaac5 | Exakte Nachsuche ohne Treffer | Store=DE | Collection-ID=1859696286 | Disc=1 | Track=7 | geladene Titel=1
2026-07-15 13:42:28,952 | WARNING | session=20260715-134228-05edaac5 | Exakte Nachsuche ohne Treffer | Store=US | Collection-ID=1859696286 | Disc=1 | Track=7 | geladene Titel=1
2026-07-16 05:53:29,645 | WARNING | session=20260716-055329-f3b2a0fe | Exakte Nachsuche ohne Treffer | Store=DE | Collection-ID=1859696286 | Disc=1 | Track=7 | geladene Titel=1
2026-07-16 05:53:29,645 | INFO | session=20260716-055329-f3b2a0fe | Exakte Nachsuche gefunden | Store=US | Collection-ID=1859696286 | Disc=1 | Track=7 | Song-ID=1859696298 | Titel=Minimum
2026-07-16 05:53:29,646 | WARNING | session=20260716-055329-f3b2a0fe | Exakte Nachsuche ohne Treffer | Store=DE | Collection-ID=1859696286 | Disc=1 | Track=7 | geladene Titel=1
2026-07-16 05:53:29,646 | WARNING | session=20260716-055329-f3b2a0fe | Exakte Nachsuche ohne Treffer | Store=US | Collection-ID=1859696286 | Disc=1 | Track=7 | geladene Titel=1
2026-07-16 05:53:29,650 | INFO | session=20260716-055329-f3b2a0fe | Apple-Rohantwort | Store=US | Collection-ID=1859696286 | resultCount=4 | Einträge=4 | JSON=/tmp/pytest-of-oai/pytest-0/test_lookup_writes_raw_json_an0/cache/apple/lookup_1859696286_US.json
2026-07-16 05:53:29,650 | DEBUG | session=20260716-055329-f3b2a0fe | Apple-Eintrag | Index=0 | Store=US | Collection-ID=1859696286 | wrapperType='collection' | kind=None | itemCollectionId='1859696286' | Disc=None | Track=None | Song-ID=None | Titel=None | Keys=artistName,collectionId,collectionName,trackCount,wrapperType
2026-07-16 05:53:29,650 | INFO | session=20260716-055329-f3b2a0fe | Apple-Collection akzeptiert | Index=0 | Store=US | Collection-ID=1859696286 | Album='Deja Vu 1/2' | Künstler='Clueso' | TrackCount=14
2026-07-16 05:53:29,650 | DEBUG | session=20260716-055329-f3b2a0fe | Apple-Eintrag | Index=1 | Store=US | Collection-ID=1859696286 | wrapperType='track' | kind='song' | itemCollectionId='1859696286' | Disc=1 | Track=7 | Song-ID=1859696298 | Titel='Minimum' | Keys=artistName,collectionId,discCount,discNumber,kind,trackCount,trackId,trackName,trackNumber,wrapperType
2026-07-16 05:53:29,650 | INFO | session=20260716-055329-f3b2a0fe | Apple-Track akzeptiert | Index=1 | Store=US | Collection-ID=1859696286 | Disc=1 | Track=7 | Song-ID=1859696298 | Titel='Minimum'
2026-07-16 05:53:29,650 | DEBUG | session=20260716-055329-f3b2a0fe | Apple-Eintrag | Index=2 | Store=US | Collection-ID=1859696286 | wrapperType='track' | kind=None | itemCollectionId='1859696286' | Disc=1 | Track=8 | Song-ID=999 | Titel='Rejected' | Keys=collectionId,discNumber,kind,trackId,trackName,trackNumber,wrapperType
2026-07-16 05:53:29,650 | WARNING | session=20260716-055329-f3b2a0fe | Apple-Track verworfen | Index=2 | Store=US | Collection-ID=1859696286 | Disc=1 | Track=8 | Song-ID=999 | Titel='Rejected' | Gründe=kind ist None statt 'song'
2026-07-16 05:53:29,650 | DEBUG | session=20260716-055329-f3b2a0fe | Apple-Eintrag | Index=3 | Store=US | Collection-ID=1859696286 | wrapperType='track' | kind='song' | itemCollectionId='999' | Disc=1 | Track=9 | Song-ID=1000 | Titel='Wrong collection' | Keys=collectionId,discNumber,kind,trackId,trackName,trackNumber,wrapperType
2026-07-16 05:53:29,650 | WARNING | session=20260716-055329-f3b2a0fe | Apple-Track verworfen | Index=3 | Store=US | Collection-ID=1859696286 | Disc=1 | Track=9 | Song-ID=1000 | Titel='Wrong collection' | Gründe=collectionId stimmt nicht
2026-07-16 05:53:29,651 | INFO | session=20260716-055329-f3b2a0fe | Album-Lookup abgeschlossen | Store=US | Collection-ID=1859696286 | Album=Deja Vu 1/2 | akzeptierte Titel=1 | verworfene Einträge=2 | JSON=/tmp/pytest-of-oai/pytest-0/test_lookup_writes_raw_json_an0/cache/apple/lookup_1859696286_US.json
2026-07-16 05:53:29,659 | WARNING | session=20260716-055329-f3b2a0fe | Exakte Nachsuche ohne Treffer | Store=DE | Collection-ID=1859696286 | Disc=1 | Track=7 | geladene Titel=1
2026-07-16 05:53:29,659 | WARNING | session=20260716-055329-f3b2a0fe | Exakte Nachsuche ohne Treffer | Store=US | Collection-ID=1859696286 | Disc=1 | Track=7 | geladene Titel=1
2026-07-16 05:53:29,662 | WARNING | session=20260716-055329-f3b2a0fe | Exakte Nachsuche ohne Treffer | Store=DE | Collection-ID=1859696286 | Disc=1 | Track=7 | geladene Titel=1
2026-07-16 05:53:29,662 | WARNING | session=20260716-055329-f3b2a0fe | Exakte Nachsuche ohne Treffer | Store=US | Collection-ID=1859696286 | Disc=1 | Track=7 | geladene Titel=1
2026-07-16 05:54:58,534 | WARNING | session=20260716-055458-60844e21 | Exakte Nachsuche ohne Treffer | Store=DE | Collection-ID=1859696286 | Disc=1 | Track=7 | geladene Titel=1
2026-07-16 05:54:58,539 | INFO | session=20260716-055458-60844e21 | Exakte Nachsuche gefunden | Store=US | Collection-ID=1859696286 | Disc=1 | Track=7 | Song-ID=1859696298 | Titel=Minimum
2026-07-16 05:54:58,540 | WARNING | session=20260716-055458-60844e21 | Exakte Nachsuche ohne Treffer | Store=DE | Collection-ID=1859696286 | Disc=1 | Track=7 | geladene Titel=1
2026-07-16 05:54:58,540 | WARNING | session=20260716-055458-60844e21 | Exakte Nachsuche ohne Treffer | Store=US | Collection-ID=1859696286 | Disc=1 | Track=7 | geladene Titel=1
2026-07-16 05:54:58,545 | INFO | session=20260716-055458-60844e21 | Apple-Rohantwort | Store=US | Collection-ID=1859696286 | resultCount=4 | Einträge=4 | JSON=/tmp/pytest-of-oai/pytest-1/test_lookup_writes_raw_json_an0/cache/apple/lookup_1859696286_US.json
2026-07-16 05:54:58,545 | DEBUG | session=20260716-055458-60844e21 | Apple-Eintrag | Index=0 | Store=US | Collection-ID=1859696286 | wrapperType='collection' | kind=None | itemCollectionId='1859696286' | Disc=None | Track=None | Song-ID=None | Titel=None | Keys=artistName,collectionId,collectionName,trackCount,wrapperType
2026-07-16 05:54:58,545 | INFO | session=20260716-055458-60844e21 | Apple-Collection akzeptiert | Index=0 | Store=US | Collection-ID=1859696286 | Album='Deja Vu 1/2' | Künstler='Clueso' | TrackCount=14
2026-07-16 05:54:58,545 | DEBUG | session=20260716-055458-60844e21 | Apple-Eintrag | Index=1 | Store=US | Collection-ID=1859696286 | wrapperType='track' | kind='song' | itemCollectionId='1859696286' | Disc=1 | Track=7 | Song-ID=1859696298 | Titel='Minimum' | Keys=artistName,collectionId,discCount,discNumber,kind,trackCount,trackId,trackName,trackNumber,wrapperType
2026-07-16 05:54:58,545 | INFO | session=20260716-055458-60844e21 | Apple-Track akzeptiert | Index=1 | Store=US | Collection-ID=1859696286 | Disc=1 | Track=7 | Song-ID=1859696298 | Titel='Minimum'
2026-07-16 05:54:58,545 | DEBUG | session=20260716-055458-60844e21 | Apple-Eintrag | Index=2 | Store=US | Collection-ID=1859696286 | wrapperType='track' | kind=None | itemCollectionId='1859696286' | Disc=1 | Track=8 | Song-ID=999 | Titel='Rejected' | Keys=collectionId,discNumber,kind,trackId,trackName,trackNumber,wrapperType
2026-07-16 05:54:58,545 | WARNING | session=20260716-055458-60844e21 | Apple-Track verworfen | Index=2 | Store=US | Collection-ID=1859696286 | Disc=1 | Track=8 | Song-ID=999 | Titel='Rejected' | Gründe=kind ist None statt 'song'
2026-07-16 05:54:58,545 | DEBUG | session=20260716-055458-60844e21 | Apple-Eintrag | Index=3 | Store=US | Collection-ID=1859696286 | wrapperType='track' | kind='song' | itemCollectionId='999' | Disc=1 | Track=9 | Song-ID=1000 | Titel='Wrong collection' | Keys=collectionId,discNumber,kind,trackId,trackName,trackNumber,wrapperType
2026-07-16 05:54:58,545 | WARNING | session=20260716-055458-60844e21 | Apple-Track verworfen | Index=3 | Store=US | Collection-ID=1859696286 | Disc=1 | Track=9 | Song-ID=1000 | Titel='Wrong collection' | Gründe=collectionId stimmt nicht
2026-07-16 05:54:58,545 | INFO | session=20260716-055458-60844e21 | Album-Lookup abgeschlossen | Store=US | Collection-ID=1859696286 | Album=Deja Vu 1/2 | akzeptierte Titel=1 | verworfene Einträge=2 | JSON=/tmp/pytest-of-oai/pytest-1/test_lookup_writes_raw_json_an0/cache/apple/lookup_1859696286_US.json
2026-07-16 05:54:58,556 | WARNING | session=20260716-055458-60844e21 | Exakte Nachsuche ohne Treffer | Store=DE | Collection-ID=1859696286 | Disc=1 | Track=7 | geladene Titel=1
2026-07-16 05:54:58,556 | WARNING | session=20260716-055458-60844e21 | Exakte Nachsuche ohne Treffer | Store=US | Collection-ID=1859696286 | Disc=1 | Track=7 | geladene Titel=1
2026-07-16 05:54:58,558 | WARNING | session=20260716-055458-60844e21 | Exakte Nachsuche ohne Treffer | Store=DE | Collection-ID=1859696286 | Disc=1 | Track=7 | geladene Titel=1
2026-07-16 05:54:58,558 | WARNING | session=20260716-055458-60844e21 | Exakte Nachsuche ohne Treffer | Store=US | Collection-ID=1859696286 | Disc=1 | Track=7 | geladene Titel=1
2026-07-16 05:55:50,958 | WARNING | session=20260716-055550-3c341861 | Exakte Nachsuche ohne Treffer | Store=DE | Collection-ID=1859696286 | Disc=1 | Track=7 | geladene Titel=1
2026-07-16 05:55:50,958 | INFO | session=20260716-055550-3c341861 | Exakte Nachsuche gefunden | Store=US | Collection-ID=1859696286 | Disc=1 | Track=7 | Song-ID=1859696298 | Titel=Minimum
2026-07-16 05:55:50,960 | WARNING | session=20260716-055550-3c341861 | Exakte Nachsuche ohne Treffer | Store=DE | Collection-ID=1859696286 | Disc=1 | Track=7 | geladene Titel=1
2026-07-16 05:55:50,960 | WARNING | session=20260716-055550-3c341861 | Exakte Nachsuche ohne Treffer | Store=US | Collection-ID=1859696286 | Disc=1 | Track=7 | geladene Titel=1
2026-07-16 05:55:50,972 | INFO | session=20260716-055550-3c341861 | Apple-Rohantwort | Store=US | Collection-ID=1859696286 | resultCount=4 | Einträge=4 | JSON=/tmp/pytest-of-oai/pytest-2/test_lookup_writes_raw_json_an0/cache/apple/lookup_1859696286_US.json
2026-07-16 05:55:50,972 | DEBUG | session=20260716-055550-3c341861 | Apple-Eintrag | Index=0 | Store=US | Collection-ID=1859696286 | wrapperType='collection' | kind=None | itemCollectionId='1859696286' | Disc=None | Track=None | Song-ID=None | Titel=None | Keys=artistName,collectionId,collectionName,trackCount,wrapperType
2026-07-16 05:55:50,972 | INFO | session=20260716-055550-3c341861 | Apple-Collection akzeptiert | Index=0 | Store=US | Collection-ID=1859696286 | Album='Deja Vu 1/2' | Künstler='Clueso' | TrackCount=14
2026-07-16 05:55:50,972 | DEBUG | session=20260716-055550-3c341861 | Apple-Eintrag | Index=1 | Store=US | Collection-ID=1859696286 | wrapperType='track' | kind='song' | itemCollectionId='1859696286' | Disc=1 | Track=7 | Song-ID=1859696298 | Titel='Minimum' | Keys=artistName,collectionId,discCount,discNumber,kind,trackCount,trackId,trackName,trackNumber,wrapperType
2026-07-16 05:55:50,972 | INFO | session=20260716-055550-3c341861 | Apple-Track akzeptiert | Index=1 | Store=US | Collection-ID=1859696286 | Disc=1 | Track=7 | Song-ID=1859696298 | Titel='Minimum'
2026-07-16 05:55:50,972 | DEBUG | session=20260716-055550-3c341861 | Apple-Eintrag | Index=2 | Store=US | Collection-ID=1859696286 | wrapperType='track' | kind=None | itemCollectionId='1859696286' | Disc=1 | Track=8 | Song-ID=999 | Titel='Rejected' | Keys=collectionId,discNumber,kind,trackId,trackName,trackNumber,wrapperType
2026-07-16 05:55:50,972 | WARNING | session=20260716-055550-3c341861 | Apple-Track verworfen | Index=2 | Store=US | Collection-ID=1859696286 | Disc=1 | Track=8 | Song-ID=999 | Titel='Rejected' | Gründe=kind ist None statt 'song'
2026-07-16 05:55:50,972 | DEBUG | session=20260716-055550-3c341861 | Apple-Eintrag | Index=3 | Store=US | Collection-ID=1859696286 | wrapperType='track' | kind='song' | itemCollectionId='999' | Disc=1 | Track=9 | Song-ID=1000 | Titel='Wrong collection' | Keys=collectionId,discNumber,kind,trackId,trackName,trackNumber,wrapperType
2026-07-16 05:55:50,972 | WARNING | session=20260716-055550-3c341861 | Apple-Track verworfen | Index=3 | Store=US | Collection-ID=1859696286 | Disc=1 | Track=9 | Song-ID=1000 | Titel='Wrong collection' | Gründe=collectionId stimmt nicht
2026-07-16 05:55:50,973 | INFO | session=20260716-055550-3c341861 | Album-Lookup abgeschlossen | Store=US | Collection-ID=1859696286 | Album=Deja Vu 1/2 | akzeptierte Titel=1 | verworfene Einträge=2 | JSON=/tmp/pytest-of-oai/pytest-2/test_lookup_writes_raw_json_an0/cache/apple/lookup_1859696286_US.json
2026-07-16 05:55:50,985 | WARNING | session=20260716-055550-3c341861 | Exakte Nachsuche ohne Treffer | Store=DE | Collection-ID=1859696286 | Disc=1 | Track=7 | geladene Titel=1
2026-07-16 05:55:50,985 | WARNING | session=20260716-055550-3c341861 | Exakte Nachsuche ohne Treffer | Store=US | Collection-ID=1859696286 | Disc=1 | Track=7 | geladene Titel=1
2026-07-16 05:55:50,988 | WARNING | session=20260716-055550-3c341861 | Exakte Nachsuche ohne Treffer | Store=DE | Collection-ID=1859696286 | Disc=1 | Track=7 | geladene Titel=1
2026-07-16 05:55:50,988 | WARNING | session=20260716-055550-3c341861 | Exakte Nachsuche ohne Treffer | Store=US | Collection-ID=1859696286 | Disc=1 | Track=7 | geladene Titel=1
2026-07-16 06:07:03,900 | WARNING | session=20260716-060703-5e9d1a5c | Exakte Nachsuche ohne Treffer | Store=DE | Collection-ID=1859696286 | Disc=1 | Track=7 | geladene Titel=1
2026-07-16 06:07:03,900 | INFO | session=20260716-060703-5e9d1a5c | Exakte Nachsuche gefunden | Store=US | Collection-ID=1859696286 | Disc=1 | Track=7 | Song-ID=1859696298 | Titel=Minimum
2026-07-16 06:07:03,901 | WARNING | session=20260716-060703-5e9d1a5c | Exakte Nachsuche ohne Treffer | Store=DE | Collection-ID=1859696286 | Disc=1 | Track=7 | geladene Titel=1
2026-07-16 06:07:03,901 | WARNING | session=20260716-060703-5e9d1a5c | Exakte Nachsuche ohne Treffer | Store=US | Collection-ID=1859696286 | Disc=1 | Track=7 | geladene Titel=1
2026-07-16 06:07:03,906 | INFO | session=20260716-060703-5e9d1a5c | Apple-Rohantwort | Store=US | Collection-ID=1859696286 | resultCount=4 | Einträge=4 | JSON=/tmp/pytest-of-oai/pytest-3/test_lookup_writes_raw_json_an0/cache/apple/lookup_1859696286_US.json
2026-07-16 06:07:03,906 | DEBUG | session=20260716-060703-5e9d1a5c | Apple-Eintrag | Index=0 | Store=US | Collection-ID=1859696286 | wrapperType='collection' | kind=None | itemCollectionId='1859696286' | Disc=None | Track=None | Song-ID=None | Titel=None | Keys=artistName,collectionId,collectionName,trackCount,wrapperType
2026-07-16 06:07:03,906 | INFO | session=20260716-060703-5e9d1a5c | Apple-Collection akzeptiert | Index=0 | Store=US | Collection-ID=1859696286 | Album='Deja Vu 1/2' | Künstler='Clueso' | TrackCount=14
2026-07-16 06:07:03,906 | DEBUG | session=20260716-060703-5e9d1a5c | Apple-Eintrag | Index=1 | Store=US | Collection-ID=1859696286 | wrapperType='track' | kind='song' | itemCollectionId='1859696286' | Disc=1 | Track=7 | Song-ID=1859696298 | Titel='Minimum' | Keys=artistName,collectionId,discCount,discNumber,kind,trackCount,trackId,trackName,trackNumber,wrapperType
2026-07-16 06:07:03,906 | INFO | session=20260716-060703-5e9d1a5c | Apple-Track akzeptiert | Index=1 | Store=US | Collection-ID=1859696286 | Disc=1 | Track=7 | Song-ID=1859696298 | Titel='Minimum'
2026-07-16 06:07:03,906 | DEBUG | session=20260716-060703-5e9d1a5c | Apple-Eintrag | Index=2 | Store=US | Collection-ID=1859696286 | wrapperType='track' | kind=None | itemCollectionId='1859696286' | Disc=1 | Track=8 | Song-ID=999 | Titel='Rejected' | Keys=collectionId,discNumber,kind,trackId,trackName,trackNumber,wrapperType
2026-07-16 06:07:03,906 | WARNING | session=20260716-060703-5e9d1a5c | Apple-Track verworfen | Index=2 | Store=US | Collection-ID=1859696286 | Disc=1 | Track=8 | Song-ID=999 | Titel='Rejected' | Gründe=kind ist None statt 'song'
2026-07-16 06:07:03,906 | DEBUG | session=20260716-060703-5e9d1a5c | Apple-Eintrag | Index=3 | Store=US | Collection-ID=1859696286 | wrapperType='track' | kind='song' | itemCollectionId='999' | Disc=1 | Track=9 | Song-ID=1000 | Titel='Wrong collection' | Keys=collectionId,discNumber,kind,trackId,trackName,trackNumber,wrapperType
2026-07-16 06:07:03,906 | WARNING | session=20260716-060703-5e9d1a5c | Apple-Track verworfen | Index=3 | Store=US | Collection-ID=1859696286 | Disc=1 | Track=9 | Song-ID=1000 | Titel='Wrong collection' | Gründe=collectionId stimmt nicht
2026-07-16 06:07:03,906 | INFO | session=20260716-060703-5e9d1a5c | Album-Lookup abgeschlossen | Store=US | Collection-ID=1859696286 | Album=Deja Vu 1/2 | akzeptierte Titel=1 | verworfene Einträge=2 | JSON=/tmp/pytest-of-oai/pytest-3/test_lookup_writes_raw_json_an0/cache/apple/lookup_1859696286_US.json
2026-07-16 06:07:03,915 | WARNING | session=20260716-060703-5e9d1a5c | Exakte Nachsuche ohne Treffer | Store=DE | Collection-ID=1859696286 | Disc=1 | Track=7 | geladene Titel=1
2026-07-16 06:07:03,915 | WARNING | session=20260716-060703-5e9d1a5c | Exakte Nachsuche ohne Treffer | Store=US | Collection-ID=1859696286 | Disc=1 | Track=7 | geladene Titel=1
2026-07-16 06:07:03,917 | WARNING | session=20260716-060703-5e9d1a5c | Exakte Nachsuche ohne Treffer | Store=DE | Collection-ID=1859696286 | Disc=1 | Track=7 | geladene Titel=1
2026-07-16 06:07:03,917 | WARNING | session=20260716-060703-5e9d1a5c | Exakte Nachsuche ohne Treffer | Store=US | Collection-ID=1859696286 | Disc=1 | Track=7 | geladene Titel=1
2026-07-16 06:25:15,558 | WARNING | session=20260716-062515-12b482e3 | Exakte Nachsuche ohne Treffer | Store=DE | Collection-ID=1859696286 | Disc=1 | Track=7 | geladene Titel=1
2026-07-16 06:25:15,558 | INFO | session=20260716-062515-12b482e3 | Exakte Nachsuche gefunden | Store=US | Collection-ID=1859696286 | Disc=1 | Track=7 | Song-ID=1859696298 | Titel=Minimum
2026-07-16 06:25:15,559 | WARNING | session=20260716-062515-12b482e3 | Exakte Nachsuche ohne Treffer | Store=DE | Collection-ID=1859696286 | Disc=1 | Track=7 | geladene Titel=1
2026-07-16 06:25:15,559 | WARNING | session=20260716-062515-12b482e3 | Exakte Nachsuche ohne Treffer | Store=US | Collection-ID=1859696286 | Disc=1 | Track=7 | geladene Titel=1
2026-07-16 06:25:15,566 | INFO | session=20260716-062515-12b482e3 | Apple-Rohantwort | Store=US | Collection-ID=1859696286 | resultCount=4 | Einträge=4 | JSON=/tmp/pytest-of-oai/pytest-4/test_lookup_writes_raw_json_an0/cache/apple/lookup_1859696286_US.json
2026-07-16 06:25:15,566 | DEBUG | session=20260716-062515-12b482e3 | Apple-Eintrag | Index=0 | Store=US | Collection-ID=1859696286 | wrapperType='collection' | kind=None | itemCollectionId='1859696286' | Disc=None | Track=None | Song-ID=None | Titel=None | Keys=artistName,collectionId,collectionName,trackCount,wrapperType
2026-07-16 06:25:15,566 | INFO | session=20260716-062515-12b482e3 | Apple-Collection akzeptiert | Index=0 | Store=US | Collection-ID=1859696286 | Album='Deja Vu 1/2' | Künstler='Clueso' | TrackCount=14
2026-07-16 06:25:15,566 | DEBUG | session=20260716-062515-12b482e3 | Apple-Eintrag | Index=1 | Store=US | Collection-ID=1859696286 | wrapperType='track' | kind='song' | itemCollectionId='1859696286' | Disc=1 | Track=7 | Song-ID=1859696298 | Titel='Minimum' | Keys=artistName,collectionId,discCount,discNumber,kind,trackCount,trackId,trackName,trackNumber,wrapperType
2026-07-16 06:25:15,566 | INFO | session=20260716-062515-12b482e3 | Apple-Track akzeptiert | Index=1 | Store=US | Collection-ID=1859696286 | Disc=1 | Track=7 | Song-ID=1859696298 | Titel='Minimum'
2026-07-16 06:25:15,566 | DEBUG | session=20260716-062515-12b482e3 | Apple-Eintrag | Index=2 | Store=US | Collection-ID=1859696286 | wrapperType='track' | kind=None | itemCollectionId='1859696286' | Disc=1 | Track=8 | Song-ID=999 | Titel='Rejected' | Keys=collectionId,discNumber,kind,trackId,trackName,trackNumber,wrapperType
2026-07-16 06:25:15,566 | WARNING | session=20260716-062515-12b482e3 | Apple-Track verworfen | Index=2 | Store=US | Collection-ID=1859696286 | Disc=1 | Track=8 | Song-ID=999 | Titel='Rejected' | Gründe=kind ist None statt 'song'
2026-07-16 06:25:15,566 | DEBUG | session=20260716-062515-12b482e3 | Apple-Eintrag | Index=3 | Store=US | Collection-ID=1859696286 | wrapperType='track' | kind='song' | itemCollectionId='999' | Disc=1 | Track=9 | Song-ID=1000 | Titel='Wrong collection' | Keys=collectionId,discNumber,kind,trackId,trackName,trackNumber,wrapperType
2026-07-16 06:25:15,566 | WARNING | session=20260716-062515-12b482e3 | Apple-Track verworfen | Index=3 | Store=US | Collection-ID=1859696286 | Disc=1 | Track=9 | Song-ID=1000 | Titel='Wrong collection' | Gründe=collectionId stimmt nicht
2026-07-16 06:25:15,566 | INFO | session=20260716-062515-12b482e3 | Album-Lookup abgeschlossen | Store=US | Collection-ID=1859696286 | Album=Deja Vu 1/2 | akzeptierte Titel=1 | verworfene Einträge=2 | JSON=/tmp/pytest-of-oai/pytest-4/test_lookup_writes_raw_json_an0/cache/apple/lookup_1859696286_US.json
2026-07-16 06:25:15,577 | WARNING | session=20260716-062515-12b482e3 | Exakte Nachsuche ohne Treffer | Store=DE | Collection-ID=1859696286 | Disc=1 | Track=7 | geladene Titel=1
2026-07-16 06:25:15,577 | WARNING | session=20260716-062515-12b482e3 | Exakte Nachsuche ohne Treffer | Store=US | Collection-ID=1859696286 | Disc=1 | Track=7 | geladene Titel=1
2026-07-16 06:25:15,580 | WARNING | session=20260716-062515-12b482e3 | Exakte Nachsuche ohne Treffer | Store=DE | Collection-ID=1859696286 | Disc=1 | Track=7 | geladene Titel=1
2026-07-16 06:25:15,580 | WARNING | session=20260716-062515-12b482e3 | Exakte Nachsuche ohne Treffer | Store=US | Collection-ID=1859696286 | Disc=1 | Track=7 | geladene Titel=1
2026-07-16 06:37:41,356 | WARNING | session=20260716-063741-8af68857 | Exakte Nachsuche ohne Treffer | Store=DE | Collection-ID=1859696286 | Disc=1 | Track=7 | geladene Titel=1
2026-07-16 06:37:41,356 | INFO | session=20260716-063741-8af68857 | Exakte Nachsuche gefunden | Store=US | Collection-ID=1859696286 | Disc=1 | Track=7 | Song-ID=1859696298 | Titel=Minimum
2026-07-16 06:37:41,357 | WARNING | session=20260716-063741-8af68857 | Exakte Nachsuche ohne Treffer | Store=DE | Collection-ID=1859696286 | Disc=1 | Track=7 | geladene Titel=1
2026-07-16 06:37:41,357 | WARNING | session=20260716-063741-8af68857 | Exakte Nachsuche ohne Treffer | Store=US | Collection-ID=1859696286 | Disc=1 | Track=7 | geladene Titel=1
2026-07-16 06:37:41,361 | INFO | session=20260716-063741-8af68857 | Apple-Rohantwort | Store=US | Collection-ID=1859696286 | resultCount=4 | Einträge=4 | JSON=/tmp/pytest-of-oai/pytest-5/test_lookup_writes_raw_json_an0/cache/apple/lookup_1859696286_US.json
2026-07-16 06:37:41,361 | DEBUG | session=20260716-063741-8af68857 | Apple-Eintrag | Index=0 | Store=US | Collection-ID=1859696286 | wrapperType='collection' | kind=None | itemCollectionId='1859696286' | Disc=None | Track=None | Song-ID=None | Titel=None | Keys=artistName,collectionId,collectionName,trackCount,wrapperType
2026-07-16 06:37:41,361 | INFO | session=20260716-063741-8af68857 | Apple-Collection akzeptiert | Index=0 | Store=US | Collection-ID=1859696286 | Album='Deja Vu 1/2' | Künstler='Clueso' | TrackCount=14
2026-07-16 06:37:41,361 | DEBUG | session=20260716-063741-8af68857 | Apple-Eintrag | Index=1 | Store=US | Collection-ID=1859696286 | wrapperType='track' | kind='song' | itemCollectionId='1859696286' | Disc=1 | Track=7 | Song-ID=1859696298 | Titel='Minimum' | Keys=artistName,collectionId,discCount,discNumber,kind,trackCount,trackId,trackName,trackNumber,wrapperType
2026-07-16 06:37:41,361 | INFO | session=20260716-063741-8af68857 | Apple-Track akzeptiert | Index=1 | Store=US | Collection-ID=1859696286 | Disc=1 | Track=7 | Song-ID=1859696298 | Titel='Minimum'
2026-07-16 06:37:41,361 | DEBUG | session=20260716-063741-8af68857 | Apple-Eintrag | Index=2 | Store=US | Collection-ID=1859696286 | wrapperType='track' | kind=None | itemCollectionId='1859696286' | Disc=1 | Track=8 | Song-ID=999 | Titel='Rejected' | Keys=collectionId,discNumber,kind,trackId,trackName,trackNumber,wrapperType
2026-07-16 06:37:41,361 | WARNING | session=20260716-063741-8af68857 | Apple-Track verworfen | Index=2 | Store=US | Collection-ID=1859696286 | Disc=1 | Track=8 | Song-ID=999 | Titel='Rejected' | Gründe=kind ist None statt 'song'
2026-07-16 06:37:41,361 | DEBUG | session=20260716-063741-8af68857 | Apple-Eintrag | Index=3 | Store=US | Collection-ID=1859696286 | wrapperType='track' | kind='song' | itemCollectionId='999' | Disc=1 | Track=9 | Song-ID=1000 | Titel='Wrong collection' | Keys=collectionId,discNumber,kind,trackId,trackName,trackNumber,wrapperType
2026-07-16 06:37:41,361 | WARNING | session=20260716-063741-8af68857 | Apple-Track verworfen | Index=3 | Store=US | Collection-ID=1859696286 | Disc=1 | Track=9 | Song-ID=1000 | Titel='Wrong collection' | Gründe=collectionId stimmt nicht
2026-07-16 06:37:41,361 | INFO | session=20260716-063741-8af68857 | Album-Lookup abgeschlossen | Store=US | Collection-ID=1859696286 | Album=Deja Vu 1/2 | akzeptierte Titel=1 | verworfene Einträge=2 | JSON=/tmp/pytest-of-oai/pytest-5/test_lookup_writes_raw_json_an0/cache/apple/lookup_1859696286_US.json
2026-07-16 06:37:41,370 | WARNING | session=20260716-063741-8af68857 | Exakte Nachsuche ohne Treffer | Store=DE | Collection-ID=1859696286 | Disc=1 | Track=7 | geladene Titel=1
2026-07-16 06:37:41,370 | WARNING | session=20260716-063741-8af68857 | Exakte Nachsuche ohne Treffer | Store=US | Collection-ID=1859696286 | Disc=1 | Track=7 | geladene Titel=1
2026-07-16 06:37:41,372 | WARNING | session=20260716-063741-8af68857 | Exakte Nachsuche ohne Treffer | Store=DE | Collection-ID=1859696286 | Disc=1 | Track=7 | geladene Titel=1
2026-07-16 06:37:41,372 | WARNING | session=20260716-063741-8af68857 | Exakte Nachsuche ohne Treffer | Store=US | Collection-ID=1859696286 | Disc=1 | Track=7 | geladene Titel=1
2026-07-16 06:51:36,171 | WARNING | session=20260716-065135-a5c24162 | Exakte Nachsuche ohne Treffer | Store=DE | Collection-ID=1859696286 | Disc=1 | Track=7 | geladene Titel=1
2026-07-16 06:51:36,171 | INFO | session=20260716-065135-a5c24162 | Exakte Nachsuche gefunden | Store=US | Collection-ID=1859696286 | Disc=1 | Track=7 | Song-ID=1859696298 | Titel=Minimum
2026-07-16 06:51:36,172 | WARNING | session=20260716-065135-a5c24162 | Exakte Nachsuche ohne Treffer | Store=DE | Collection-ID=1859696286 | Disc=1 | Track=7 | geladene Titel=1
2026-07-16 06:51:36,172 | WARNING | session=20260716-065135-a5c24162 | Exakte Nachsuche ohne Treffer | Store=US | Collection-ID=1859696286 | Disc=1 | Track=7 | geladene Titel=1
2026-07-16 06:51:36,177 | INFO | session=20260716-065135-a5c24162 | Apple-Rohantwort | Store=US | Collection-ID=1859696286 | resultCount=4 | Einträge=4 | JSON=/tmp/pytest-of-oai/pytest-6/test_lookup_writes_raw_json_an0/cache/apple/lookup_1859696286_US.json
2026-07-16 06:51:36,177 | DEBUG | session=20260716-065135-a5c24162 | Apple-Eintrag | Index=0 | Store=US | Collection-ID=1859696286 | wrapperType='collection' | kind=None | itemCollectionId='1859696286' | Disc=None | Track=None | Song-ID=None | Titel=None | Keys=artistName,collectionId,collectionName,trackCount,wrapperType
2026-07-16 06:51:36,177 | INFO | session=20260716-065135-a5c24162 | Apple-Collection akzeptiert | Index=0 | Store=US | Collection-ID=1859696286 | Album='Deja Vu 1/2' | Künstler='Clueso' | TrackCount=14
2026-07-16 06:51:36,177 | DEBUG | session=20260716-065135-a5c24162 | Apple-Eintrag | Index=1 | Store=US | Collection-ID=1859696286 | wrapperType='track' | kind='song' | itemCollectionId='1859696286' | Disc=1 | Track=7 | Song-ID=1859696298 | Titel='Minimum' | Keys=artistName,collectionId,discCount,discNumber,kind,trackCount,trackId,trackName,trackNumber,wrapperType
2026-07-16 06:51:36,177 | INFO | session=20260716-065135-a5c24162 | Apple-Track akzeptiert | Index=1 | Store=US | Collection-ID=1859696286 | Disc=1 | Track=7 | Song-ID=1859696298 | Titel='Minimum'
2026-07-16 06:51:36,177 | DEBUG | session=20260716-065135-a5c24162 | Apple-Eintrag | Index=2 | Store=US | Collection-ID=1859696286 | wrapperType='track' | kind=None | itemCollectionId='1859696286' | Disc=1 | Track=8 | Song-ID=999 | Titel='Rejected' | Keys=collectionId,discNumber,kind,trackId,trackName,trackNumber,wrapperType
2026-07-16 06:51:36,177 | WARNING | session=20260716-065135-a5c24162 | Apple-Track verworfen | Index=2 | Store=US | Collection-ID=1859696286 | Disc=1 | Track=8 | Song-ID=999 | Titel='Rejected' | Gründe=kind ist None statt 'song'
2026-07-16 06:51:36,177 | DEBUG | session=20260716-065135-a5c24162 | Apple-Eintrag | Index=3 | Store=US | Collection-ID=1859696286 | wrapperType='track' | kind='song' | itemCollectionId='999' | Disc=1 | Track=9 | Song-ID=1000 | Titel='Wrong collection' | Keys=collectionId,discNumber,kind,trackId,trackName,trackNumber,wrapperType
2026-07-16 06:51:36,177 | WARNING | session=20260716-065135-a5c24162 | Apple-Track verworfen | Index=3 | Store=US | Collection-ID=1859696286 | Disc=1 | Track=9 | Song-ID=1000 | Titel='Wrong collection' | Gründe=collectionId stimmt nicht
2026-07-16 06:51:36,177 | INFO | session=20260716-065135-a5c24162 | Album-Lookup abgeschlossen | Store=US | Collection-ID=1859696286 | Album=Deja Vu 1/2 | akzeptierte Titel=1 | verworfene Einträge=2 | JSON=/tmp/pytest-of-oai/pytest-6/test_lookup_writes_raw_json_an0/cache/apple/lookup_1859696286_US.json
2026-07-16 06:51:36,186 | WARNING | session=20260716-065135-a5c24162 | Exakte Nachsuche ohne Treffer | Store=DE | Collection-ID=1859696286 | Disc=1 | Track=7 | geladene Titel=1
2026-07-16 06:51:36,186 | WARNING | session=20260716-065135-a5c24162 | Exakte Nachsuche ohne Treffer | Store=US | Collection-ID=1859696286 | Disc=1 | Track=7 | geladene Titel=1
2026-07-16 06:51:36,189 | WARNING | session=20260716-065135-a5c24162 | Exakte Nachsuche ohne Treffer | Store=DE | Collection-ID=1859696286 | Disc=1 | Track=7 | geladene Titel=1
2026-07-16 06:51:36,189 | WARNING | session=20260716-065135-a5c24162 | Exakte Nachsuche ohne Treffer | Store=US | Collection-ID=1859696286 | Disc=1 | Track=7 | geladene Titel=1
2026-07-16 07:21:11,904 | WARNING | session=20260716-072111-5b76a1a0 | Exakte Nachsuche ohne Treffer | Store=DE | Collection-ID=1859696286 | Disc=1 | Track=7 | geladene Titel=1
2026-07-16 07:21:11,905 | INFO | session=20260716-072111-5b76a1a0 | Exakte Nachsuche gefunden | Store=US | Collection-ID=1859696286 | Disc=1 | Track=7 | Song-ID=1859696298 | Titel=Minimum
2026-07-16 07:21:11,906 | WARNING | session=20260716-072111-5b76a1a0 | Exakte Nachsuche ohne Treffer | Store=DE | Collection-ID=1859696286 | Disc=1 | Track=7 | geladene Titel=1
2026-07-16 07:21:11,906 | WARNING | session=20260716-072111-5b76a1a0 | Exakte Nachsuche ohne Treffer | Store=US | Collection-ID=1859696286 | Disc=1 | Track=7 | geladene Titel=1
2026-07-16 07:21:11,910 | INFO | session=20260716-072111-5b76a1a0 | Apple-Rohantwort | Store=US | Collection-ID=1859696286 | resultCount=4 | Einträge=4 | JSON=/tmp/pytest-of-root/pytest-0/test_lookup_writes_raw_json_an0/cache/apple/lookup_1859696286_US.json
2026-07-16 07:21:11,911 | DEBUG | session=20260716-072111-5b76a1a0 | Apple-Eintrag | Index=0 | Store=US | Collection-ID=1859696286 | wrapperType='collection' | kind=None | itemCollectionId='1859696286' | Disc=None | Track=None | Song-ID=None | Titel=None | Keys=artistName,collectionId,collectionName,trackCount,wrapperType
2026-07-16 07:21:11,911 | INFO | session=20260716-072111-5b76a1a0 | Apple-Collection akzeptiert | Index=0 | Store=US | Collection-ID=1859696286 | Album='Deja Vu 1/2' | Künstler='Clueso' | TrackCount=14
2026-07-16 07:21:11,911 | DEBUG | session=20260716-072111-5b76a1a0 | Apple-Eintrag | Index=1 | Store=US | Collection-ID=1859696286 | wrapperType='track' | kind='song' | itemCollectionId='1859696286' | Disc=1 | Track=7 | Song-ID=1859696298 | Titel='Minimum' | Keys=artistName,collectionId,discCount,discNumber,kind,trackCount,trackId,trackName,trackNumber,wrapperType
2026-07-16 07:21:11,911 | INFO | session=20260716-072111-5b76a1a0 | Apple-Track akzeptiert | Index=1 | Store=US | Collection-ID=1859696286 | Disc=1 | Track=7 | Song-ID=1859696298 | Titel='Minimum'
2026-07-16 07:21:11,911 | DEBUG | session=20260716-072111-5b76a1a0 | Apple-Eintrag | Index=2 | Store=US | Collection-ID=1859696286 | wrapperType='track' | kind=None | itemCollectionId='1859696286' | Disc=1 | Track=8 | Song-ID=999 | Titel='Rejected' | Keys=collectionId,discNumber,kind,trackId,trackName,trackNumber,wrapperType
2026-07-16 07:21:11,911 | WARNING | session=20260716-072111-5b76a1a0 | Apple-Track verworfen | Index=2 | Store=US | Collection-ID=1859696286 | Disc=1 | Track=8 | Song-ID=999 | Titel='Rejected' | Gründe=kind ist None statt 'song'
2026-07-16 07:21:11,911 | DEBUG | session=20260716-072111-5b76a1a0 | Apple-Eintrag | Index=3 | Store=US | Collection-ID=1859696286 | wrapperType='track' | kind='song' | itemCollectionId='999' | Disc=1 | Track=9 | Song-ID=1000 | Titel='Wrong collection' | Keys=collectionId,discNumber,kind,trackId,trackName,trackNumber,wrapperType
2026-07-16 07:21:11,911 | WARNING | session=20260716-072111-5b76a1a0 | Apple-Track verworfen | Index=3 | Store=US | Collection-ID=1859696286 | Disc=1 | Track=9 | Song-ID=1000 | Titel='Wrong collection' | Gründe=collectionId stimmt nicht
2026-07-16 07:21:11,911 | INFO | session=20260716-072111-5b76a1a0 | Album-Lookup abgeschlossen | Store=US | Collection-ID=1859696286 | Album=Deja Vu 1/2 | akzeptierte Titel=1 | verworfene Einträge=2 | JSON=/tmp/pytest-of-root/pytest-0/test_lookup_writes_raw_json_an0/cache/apple/lookup_1859696286_US.json
2026-07-16 07:21:11,920 | WARNING | session=20260716-072111-5b76a1a0 | Exakte Nachsuche ohne Treffer | Store=DE | Collection-ID=1859696286 | Disc=1 | Track=7 | geladene Titel=1
2026-07-16 07:21:11,920 | WARNING | session=20260716-072111-5b76a1a0 | Exakte Nachsuche ohne Treffer | Store=US | Collection-ID=1859696286 | Disc=1 | Track=7 | geladene Titel=1
2026-07-16 07:21:11,923 | WARNING | session=20260716-072111-5b76a1a0 | Exakte Nachsuche ohne Treffer | Store=DE | Collection-ID=1859696286 | Disc=1 | Track=7 | geladene Titel=1
2026-07-16 07:21:11,923 | WARNING | session=20260716-072111-5b76a1a0 | Exakte Nachsuche ohne Treffer | Store=US | Collection-ID=1859696286 | Disc=1 | Track=7 | geladene Titel=1
2026-07-16 07:21:56,200 | WARNING | session=20260716-072155-75401694 | Exakte Nachsuche ohne Treffer | Store=DE | Collection-ID=1859696286 | Disc=1 | Track=7 | geladene Titel=1
2026-07-16 07:21:56,200 | INFO | session=20260716-072155-75401694 | Exakte Nachsuche gefunden | Store=US | Collection-ID=1859696286 | Disc=1 | Track=7 | Song-ID=1859696298 | Titel=Minimum
2026-07-16 07:21:56,200 | WARNING | session=20260716-072155-75401694 | Exakte Nachsuche ohne Treffer | Store=DE | Collection-ID=1859696286 | Disc=1 | Track=7 | geladene Titel=1
2026-07-16 07:21:56,201 | WARNING | session=20260716-072155-75401694 | Exakte Nachsuche ohne Treffer | Store=US | Collection-ID=1859696286 | Disc=1 | Track=7 | geladene Titel=1
2026-07-16 07:21:56,205 | INFO | session=20260716-072155-75401694 | Apple-Rohantwort | Store=US | Collection-ID=1859696286 | resultCount=4 | Einträge=4 | JSON=/tmp/pytest-of-root/pytest-1/test_lookup_writes_raw_json_an0/cache/apple/lookup_1859696286_US.json
2026-07-16 07:21:56,205 | DEBUG | session=20260716-072155-75401694 | Apple-Eintrag | Index=0 | Store=US | Collection-ID=1859696286 | wrapperType='collection' | kind=None | itemCollectionId='1859696286' | Disc=None | Track=None | Song-ID=None | Titel=None | Keys=artistName,collectionId,collectionName,trackCount,wrapperType
2026-07-16 07:21:56,205 | INFO | session=20260716-072155-75401694 | Apple-Collection akzeptiert | Index=0 | Store=US | Collection-ID=1859696286 | Album='Deja Vu 1/2' | Künstler='Clueso' | TrackCount=14
2026-07-16 07:21:56,205 | DEBUG | session=20260716-072155-75401694 | Apple-Eintrag | Index=1 | Store=US | Collection-ID=1859696286 | wrapperType='track' | kind='song' | itemCollectionId='1859696286' | Disc=1 | Track=7 | Song-ID=1859696298 | Titel='Minimum' | Keys=artistName,collectionId,discCount,discNumber,kind,trackCount,trackId,trackName,trackNumber,wrapperType
2026-07-16 07:21:56,205 | INFO | session=20260716-072155-75401694 | Apple-Track akzeptiert | Index=1 | Store=US | Collection-ID=1859696286 | Disc=1 | Track=7 | Song-ID=1859696298 | Titel='Minimum'
2026-07-16 07:21:56,205 | DEBUG | session=20260716-072155-75401694 | Apple-Eintrag | Index=2 | Store=US | Collection-ID=1859696286 | wrapperType='track' | kind=None | itemCollectionId='1859696286' | Disc=1 | Track=8 | Song-ID=999 | Titel='Rejected' | Keys=collectionId,discNumber,kind,trackId,trackName,trackNumber,wrapperType
2026-07-16 07:21:56,205 | WARNING | session=20260716-072155-75401694 | Apple-Track verworfen | Index=2 | Store=US | Collection-ID=1859696286 | Disc=1 | Track=8 | Song-ID=999 | Titel='Rejected' | Gründe=kind ist None statt 'song'
2026-07-16 07:21:56,205 | DEBUG | session=20260716-072155-75401694 | Apple-Eintrag | Index=3 | Store=US | Collection-ID=1859696286 | wrapperType='track' | kind='song' | itemCollectionId='999' | Disc=1 | Track=9 | Song-ID=1000 | Titel='Wrong collection' | Keys=collectionId,discNumber,kind,trackId,trackName,trackNumber,wrapperType
2026-07-16 07:21:56,205 | WARNING | session=20260716-072155-75401694 | Apple-Track verworfen | Index=3 | Store=US | Collection-ID=1859696286 | Disc=1 | Track=9 | Song-ID=1000 | Titel='Wrong collection' | Gründe=collectionId stimmt nicht
2026-07-16 07:21:56,205 | INFO | session=20260716-072155-75401694 | Album-Lookup abgeschlossen | Store=US | Collection-ID=1859696286 | Album=Deja Vu 1/2 | akzeptierte Titel=1 | verworfene Einträge=2 | JSON=/tmp/pytest-of-root/pytest-1/test_lookup_writes_raw_json_an0/cache/apple/lookup_1859696286_US.json
2026-07-16 07:21:56,213 | WARNING | session=20260716-072155-75401694 | Exakte Nachsuche ohne Treffer | Store=DE | Collection-ID=1859696286 | Disc=1 | Track=7 | geladene Titel=1
2026-07-16 07:21:56,213 | WARNING | session=20260716-072155-75401694 | Exakte Nachsuche ohne Treffer | Store=US | Collection-ID=1859696286 | Disc=1 | Track=7 | geladene Titel=1
2026-07-16 07:21:56,215 | WARNING | session=20260716-072155-75401694 | Exakte Nachsuche ohne Treffer | Store=DE | Collection-ID=1859696286 | Disc=1 | Track=7 | geladene Titel=1
2026-07-16 07:21:56,215 | WARNING | session=20260716-072155-75401694 | Exakte Nachsuche ohne Treffer | Store=US | Collection-ID=1859696286 | Disc=1 | Track=7 | geladene Titel=1
2026-07-16 07:55:43,858 | WARNING | session=20260716-075543-6730ac55 | Exakte Nachsuche ohne Treffer | Store=DE | Collection-ID=1859696286 | Disc=1 | Track=7 | geladene Titel=1
2026-07-16 07:55:43,858 | INFO | session=20260716-075543-6730ac55 | Exakte Nachsuche gefunden | Store=US | Collection-ID=1859696286 | Disc=1 | Track=7 | Song-ID=1859696298 | Titel=Minimum
2026-07-16 07:55:43,859 | WARNING | session=20260716-075543-6730ac55 | Exakte Nachsuche ohne Treffer | Store=DE | Collection-ID=1859696286 | Disc=1 | Track=7 | geladene Titel=1
2026-07-16 07:55:43,859 | WARNING | session=20260716-075543-6730ac55 | Exakte Nachsuche ohne Treffer | Store=US | Collection-ID=1859696286 | Disc=1 | Track=7 | geladene Titel=1
2026-07-16 07:55:43,863 | INFO | session=20260716-075543-6730ac55 | Apple-Rohantwort | Store=US | Collection-ID=1859696286 | resultCount=4 | Einträge=4 | JSON=/tmp/pytest-of-oai/pytest-7/test_lookup_writes_raw_json_an0/cache/apple/lookup_1859696286_US.json
2026-07-16 07:55:43,863 | DEBUG | session=20260716-075543-6730ac55 | Apple-Eintrag | Index=0 | Store=US | Collection-ID=1859696286 | wrapperType='collection' | kind=None | itemCollectionId='1859696286' | Disc=None | Track=None | Song-ID=None | Titel=None | Keys=artistName,collectionId,collectionName,trackCount,wrapperType
2026-07-16 07:55:43,863 | INFO | session=20260716-075543-6730ac55 | Apple-Collection akzeptiert | Index=0 | Store=US | Collection-ID=1859696286 | Album='Deja Vu 1/2' | Künstler='Clueso' | TrackCount=14
2026-07-16 07:55:43,863 | DEBUG | session=20260716-075543-6730ac55 | Apple-Eintrag | Index=1 | Store=US | Collection-ID=1859696286 | wrapperType='track' | kind='song' | itemCollectionId='1859696286' | Disc=1 | Track=7 | Song-ID=1859696298 | Titel='Minimum' | Keys=artistName,collectionId,discCount,discNumber,kind,trackCount,trackId,trackName,trackNumber,wrapperType
2026-07-16 07:55:43,863 | INFO | session=20260716-075543-6730ac55 | Apple-Track akzeptiert | Index=1 | Store=US | Collection-ID=1859696286 | Disc=1 | Track=7 | Song-ID=1859696298 | Titel='Minimum'
2026-07-16 07:55:43,863 | DEBUG | session=20260716-075543-6730ac55 | Apple-Eintrag | Index=2 | Store=US | Collection-ID=1859696286 | wrapperType='track' | kind=None | itemCollectionId='1859696286' | Disc=1 | Track=8 | Song-ID=999 | Titel='Rejected' | Keys=collectionId,discNumber,kind,trackId,trackName,trackNumber,wrapperType
2026-07-16 07:55:43,864 | WARNING | session=20260716-075543-6730ac55 | Apple-Track verworfen | Index=2 | Store=US | Collection-ID=1859696286 | Disc=1 | Track=8 | Song-ID=999 | Titel='Rejected' | Gründe=kind ist None statt 'song'
2026-07-16 07:55:43,864 | DEBUG | session=20260716-075543-6730ac55 | Apple-Eintrag | Index=3 | Store=US | Collection-ID=1859696286 | wrapperType='track' | kind='song' | itemCollectionId='999' | Disc=1 | Track=9 | Song-ID=1000 | Titel='Wrong collection' | Keys=collectionId,discNumber,kind,trackId,trackName,trackNumber,wrapperType
2026-07-16 07:55:43,864 | WARNING | session=20260716-075543-6730ac55 | Apple-Track verworfen | Index=3 | Store=US | Collection-ID=1859696286 | Disc=1 | Track=9 | Song-ID=1000 | Titel='Wrong collection' | Gründe=collectionId stimmt nicht
2026-07-16 07:55:43,864 | INFO | session=20260716-075543-6730ac55 | Album-Lookup abgeschlossen | Store=US | Collection-ID=1859696286 | Album=Deja Vu 1/2 | akzeptierte Titel=1 | verworfene Einträge=2 | JSON=/tmp/pytest-of-oai/pytest-7/test_lookup_writes_raw_json_an0/cache/apple/lookup_1859696286_US.json
2026-07-16 07:55:43,873 | WARNING | session=20260716-075543-6730ac55 | Exakte Nachsuche ohne Treffer | Store=DE | Collection-ID=1859696286 | Disc=1 | Track=7 | geladene Titel=1
2026-07-16 07:55:43,874 | WARNING | session=20260716-075543-6730ac55 | Exakte Nachsuche ohne Treffer | Store=US | Collection-ID=1859696286 | Disc=1 | Track=7 | geladene Titel=1
2026-07-16 07:55:43,876 | WARNING | session=20260716-075543-6730ac55 | Exakte Nachsuche ohne Treffer | Store=DE | Collection-ID=1859696286 | Disc=1 | Track=7 | geladene Titel=1
2026-07-16 07:55:43,876 | WARNING | session=20260716-075543-6730ac55 | Exakte Nachsuche ohne Treffer | Store=US | Collection-ID=1859696286 | Disc=1 | Track=7 | geladene Titel=1
2026-07-16 09:33:16,919 | WARNING | session=20260716-093316-dfe3b0ee | Exakte Nachsuche ohne Treffer | Store=DE | Collection-ID=1859696286 | Disc=1 | Track=7 | geladene Titel=1
2026-07-16 09:33:16,919 | INFO | session=20260716-093316-dfe3b0ee | Exakte Nachsuche gefunden | Store=US | Collection-ID=1859696286 | Disc=1 | Track=7 | Song-ID=1859696298 | Titel=Minimum
2026-07-16 09:33:16,920 | WARNING | session=20260716-093316-dfe3b0ee | Exakte Nachsuche ohne Treffer | Store=DE | Collection-ID=1859696286 | Disc=1 | Track=7 | geladene Titel=1
2026-07-16 09:33:16,920 | WARNING | session=20260716-093316-dfe3b0ee | Exakte Nachsuche ohne Treffer | Store=US | Collection-ID=1859696286 | Disc=1 | Track=7 | geladene Titel=1
2026-07-16 09:33:16,924 | INFO | session=20260716-093316-dfe3b0ee | Apple-Rohantwort | Store=US | Collection-ID=1859696286 | resultCount=4 | Einträge=4 | JSON=/tmp/pytest-of-oai/pytest-0/test_lookup_writes_raw_json_an0/cache/apple/lookup_1859696286_US.json
2026-07-16 09:33:16,925 | DEBUG | session=20260716-093316-dfe3b0ee | Apple-Eintrag | Index=0 | Store=US | Collection-ID=1859696286 | wrapperType='collection' | kind=None | itemCollectionId='1859696286' | Disc=None | Track=None | Song-ID=None | Titel=None | Keys=artistName,collectionId,collectionName,trackCount,wrapperType
2026-07-16 09:33:16,925 | INFO | session=20260716-093316-dfe3b0ee | Apple-Collection akzeptiert | Index=0 | Store=US | Collection-ID=1859696286 | Album='Deja Vu 1/2' | Künstler='Clueso' | TrackCount=14
2026-07-16 09:33:16,925 | DEBUG | session=20260716-093316-dfe3b0ee | Apple-Eintrag | Index=1 | Store=US | Collection-ID=1859696286 | wrapperType='track' | kind='song' | itemCollectionId='1859696286' | Disc=1 | Track=7 | Song-ID=1859696298 | Titel='Minimum' | Keys=artistName,collectionId,discCount,discNumber,kind,trackCount,trackId,trackName,trackNumber,wrapperType
2026-07-16 09:33:16,925 | INFO | session=20260716-093316-dfe3b0ee | Apple-Track akzeptiert | Index=1 | Store=US | Collection-ID=1859696286 | Disc=1 | Track=7 | Song-ID=1859696298 | Titel='Minimum'
2026-07-16 09:33:16,925 | DEBUG | session=20260716-093316-dfe3b0ee | Apple-Eintrag | Index=2 | Store=US | Collection-ID=1859696286 | wrapperType='track' | kind=None | itemCollectionId='1859696286' | Disc=1 | Track=8 | Song-ID=999 | Titel='Rejected' | Keys=collectionId,discNumber,kind,trackId,trackName,trackNumber,wrapperType
2026-07-16 09:33:16,925 | WARNING | session=20260716-093316-dfe3b0ee | Apple-Track verworfen | Index=2 | Store=US | Collection-ID=1859696286 | Disc=1 | Track=8 | Song-ID=999 | Titel='Rejected' | Gründe=kind ist None statt 'song'
2026-07-16 09:33:16,925 | DEBUG | session=20260716-093316-dfe3b0ee | Apple-Eintrag | Index=3 | Store=US | Collection-ID=1859696286 | wrapperType='track' | kind='song' | itemCollectionId='999' | Disc=1 | Track=9 | Song-ID=1000 | Titel='Wrong collection' | Keys=collectionId,discNumber,kind,trackId,trackName,trackNumber,wrapperType
2026-07-16 09:33:16,925 | WARNING | session=20260716-093316-dfe3b0ee | Apple-Track verworfen | Index=3 | Store=US | Collection-ID=1859696286 | Disc=1 | Track=9 | Song-ID=1000 | Titel='Wrong collection' | Gründe=collectionId stimmt nicht
2026-07-16 09:33:16,925 | INFO | session=20260716-093316-dfe3b0ee | Album-Lookup abgeschlossen | Store=US | Collection-ID=1859696286 | Album=Deja Vu 1/2 | akzeptierte Titel=1 | verworfene Einträge=2 | JSON=/tmp/pytest-of-oai/pytest-0/test_lookup_writes_raw_json_an0/cache/apple/lookup_1859696286_US.json
2026-07-16 09:33:16,936 | WARNING | session=20260716-093316-dfe3b0ee | Exakte Nachsuche ohne Treffer | Store=DE | Collection-ID=1859696286 | Disc=1 | Track=7 | geladene Titel=1
2026-07-16 09:33:16,936 | WARNING | session=20260716-093316-dfe3b0ee | Exakte Nachsuche ohne Treffer | Store=US | Collection-ID=1859696286 | Disc=1 | Track=7 | geladene Titel=1
2026-07-16 09:33:16,939 | WARNING | session=20260716-093316-dfe3b0ee | Exakte Nachsuche ohne Treffer | Store=DE | Collection-ID=1859696286 | Disc=1 | Track=7 | geladene Titel=1
2026-07-16 09:33:16,939 | WARNING | session=20260716-093316-dfe3b0ee | Exakte Nachsuche ohne Treffer | Store=US | Collection-ID=1859696286 | Disc=1 | Track=7 | geladene Titel=1
