2026-07-15 09:19:15,961 | ERROR | Direkter APEv2-Leser fehlgeschlagen: /tmp/pytest-of-oai/pytest-7/test_wavpack_uses_ffprobe_when0/dxd.wv
Traceback (most recent call last):
  File "/mnt/data/MusicTagStudio_v0.6.8.2/src/musictagstudio/services/metadata_io.py", line 391, in _read_wavpack_apev2
    tags = APEv2(path)
  File "/mnt/data/MusicTagStudio_v0.6.8.2/tests/test_wavpack_ffprobe_fallback.py", line 14, in fail
    raise IndexError(
        "list index out of range"
    )
IndexError: list index out of range
2026-07-15 09:19:15,964 | ERROR | Mutagen-WavPack-Leser fehlgeschlagen: /tmp/pytest-of-oai/pytest-7/test_wavpack_uses_ffprobe_when0/dxd.wv
Traceback (most recent call last):
  File "/mnt/data/MusicTagStudio_v0.6.8.2/src/musictagstudio/services/metadata_io.py", line 404, in _read_wavpack_apev2
    audio = WavPack(path)
  File "/mnt/data/MusicTagStudio_v0.6.8.2/tests/test_wavpack_ffprobe_fallback.py", line 14, in fail
    raise IndexError(
        "list index out of range"
    )
IndexError: list index out of range
2026-07-15 09:19:15,967 | INFO | WavPack-Tags über ffprobe gelesen: /tmp/pytest-of-oai/pytest-7/test_wavpack_uses_ffprobe_when0/dxd.wv
2026-07-15 09:19:15,970 | ERROR | Direkter APEv2-Leser fehlgeschlagen: /tmp/pytest-of-oai/pytest-7/test_ffprobe_tag_keys_are_case0/case.wv
Traceback (most recent call last):
  File "/mnt/data/MusicTagStudio_v0.6.8.2/src/musictagstudio/services/metadata_io.py", line 391, in _read_wavpack_apev2
    tags = APEv2(path)
  File "/mnt/data/MusicTagStudio_v0.6.8.2/tests/test_wavpack_ffprobe_fallback.py", line 72, in <lambda>
    (_ for _ in ()).throw(
    ~~~~~~~~~~~~~~~~~~~~~^
        ValueError("no ape")
        ^^^^^^^^^^^^^^^^^^^^
    ),
    ^
  File "/mnt/data/MusicTagStudio_v0.6.8.2/tests/test_wavpack_ffprobe_fallback.py", line 72, in <genexpr>
    (_ for _ in ()).throw(
ValueError: no ape
2026-07-15 09:19:15,973 | ERROR | Mutagen-WavPack-Leser fehlgeschlagen: /tmp/pytest-of-oai/pytest-7/test_ffprobe_tag_keys_are_case0/case.wv
Traceback (most recent call last):
  File "/mnt/data/MusicTagStudio_v0.6.8.2/src/musictagstudio/services/metadata_io.py", line 404, in _read_wavpack_apev2
    audio = WavPack(path)
  File "/mnt/data/MusicTagStudio_v0.6.8.2/tests/test_wavpack_ffprobe_fallback.py", line 80, in <lambda>
    (_ for _ in ()).throw(
    ~~~~~~~~~~~~~~~~~~~~~^
        ValueError("no wavpack")
        ^^^^^^^^^^^^^^^^^^^^^^^^
    ),
    ^
  File "/mnt/data/MusicTagStudio_v0.6.8.2/tests/test_wavpack_ffprobe_fallback.py", line 80, in <genexpr>
    (_ for _ in ()).throw(
ValueError: no wavpack
2026-07-15 09:19:15,975 | INFO | WavPack-Tags über ffprobe gelesen: /tmp/pytest-of-oai/pytest-7/test_ffprobe_tag_keys_are_case0/case.wv
2026-07-15 09:34:55,469 | ERROR | Direkter APEv2-Leser fehlgeschlagen: /tmp/pytest-of-oai/pytest-8/test_wavpack_uses_ffprobe_when0/dxd.wv
Traceback (most recent call last):
  File "/mnt/data/MusicTagStudio_v0.6.8.3/src/musictagstudio/services/metadata_io.py", line 391, in _read_wavpack_apev2
    tags = APEv2(path)
  File "/mnt/data/MusicTagStudio_v0.6.8.3/tests/test_wavpack_ffprobe_fallback.py", line 14, in fail
    raise IndexError(
        "list index out of range"
    )
IndexError: list index out of range
2026-07-15 09:34:55,473 | ERROR | Mutagen-WavPack-Leser fehlgeschlagen: /tmp/pytest-of-oai/pytest-8/test_wavpack_uses_ffprobe_when0/dxd.wv
Traceback (most recent call last):
  File "/mnt/data/MusicTagStudio_v0.6.8.3/src/musictagstudio/services/metadata_io.py", line 404, in _read_wavpack_apev2
    audio = WavPack(path)
  File "/mnt/data/MusicTagStudio_v0.6.8.3/tests/test_wavpack_ffprobe_fallback.py", line 14, in fail
    raise IndexError(
        "list index out of range"
    )
IndexError: list index out of range
2026-07-15 09:34:55,476 | INFO | WavPack-Tags über ffprobe gelesen: /tmp/pytest-of-oai/pytest-8/test_wavpack_uses_ffprobe_when0/dxd.wv
2026-07-15 09:34:55,480 | ERROR | Direkter APEv2-Leser fehlgeschlagen: /tmp/pytest-of-oai/pytest-8/test_ffprobe_tag_keys_are_case0/case.wv
Traceback (most recent call last):
  File "/mnt/data/MusicTagStudio_v0.6.8.3/src/musictagstudio/services/metadata_io.py", line 391, in _read_wavpack_apev2
    tags = APEv2(path)
  File "/mnt/data/MusicTagStudio_v0.6.8.3/tests/test_wavpack_ffprobe_fallback.py", line 72, in <lambda>
    (_ for _ in ()).throw(
    ~~~~~~~~~~~~~~~~~~~~~^
        ValueError("no ape")
        ^^^^^^^^^^^^^^^^^^^^
    ),
    ^
  File "/mnt/data/MusicTagStudio_v0.6.8.3/tests/test_wavpack_ffprobe_fallback.py", line 72, in <genexpr>
    (_ for _ in ()).throw(
ValueError: no ape
2026-07-15 09:34:55,483 | ERROR | Mutagen-WavPack-Leser fehlgeschlagen: /tmp/pytest-of-oai/pytest-8/test_ffprobe_tag_keys_are_case0/case.wv
Traceback (most recent call last):
  File "/mnt/data/MusicTagStudio_v0.6.8.3/src/musictagstudio/services/metadata_io.py", line 404, in _read_wavpack_apev2
    audio = WavPack(path)
  File "/mnt/data/MusicTagStudio_v0.6.8.3/tests/test_wavpack_ffprobe_fallback.py", line 80, in <lambda>
    (_ for _ in ()).throw(
    ~~~~~~~~~~~~~~~~~~~~~^
        ValueError("no wavpack")
        ^^^^^^^^^^^^^^^^^^^^^^^^
    ),
    ^
  File "/mnt/data/MusicTagStudio_v0.6.8.3/tests/test_wavpack_ffprobe_fallback.py", line 80, in <genexpr>
    (_ for _ in ()).throw(
ValueError: no wavpack
2026-07-15 09:34:55,485 | INFO | WavPack-Tags über ffprobe gelesen: /tmp/pytest-of-oai/pytest-8/test_ffprobe_tag_keys_are_case0/case.wv
2026-07-15 10:09:55,021 | ERROR | Direkter APEv2-Leser fehlgeschlagen: /tmp/pytest-of-oai/pytest-9/test_wavpack_uses_ffprobe_when0/dxd.wv
Traceback (most recent call last):
  File "/mnt/data/MusicTagStudio_v0.6.8.4/src/musictagstudio/services/metadata_io.py", line 391, in _read_wavpack_apev2
    tags = APEv2(path)
  File "/mnt/data/MusicTagStudio_v0.6.8.4/tests/test_wavpack_ffprobe_fallback.py", line 14, in fail
    raise IndexError(
        "list index out of range"
    )
IndexError: list index out of range
2026-07-15 10:09:55,025 | ERROR | Mutagen-WavPack-Leser fehlgeschlagen: /tmp/pytest-of-oai/pytest-9/test_wavpack_uses_ffprobe_when0/dxd.wv
Traceback (most recent call last):
  File "/mnt/data/MusicTagStudio_v0.6.8.4/src/musictagstudio/services/metadata_io.py", line 404, in _read_wavpack_apev2
    audio = WavPack(path)
  File "/mnt/data/MusicTagStudio_v0.6.8.4/tests/test_wavpack_ffprobe_fallback.py", line 14, in fail
    raise IndexError(
        "list index out of range"
    )
IndexError: list index out of range
2026-07-15 10:09:55,027 | INFO | WavPack-Tags über ffprobe gelesen: /tmp/pytest-of-oai/pytest-9/test_wavpack_uses_ffprobe_when0/dxd.wv
2026-07-15 10:09:55,032 | ERROR | Direkter APEv2-Leser fehlgeschlagen: /tmp/pytest-of-oai/pytest-9/test_ffprobe_tag_keys_are_case0/case.wv
Traceback (most recent call last):
  File "/mnt/data/MusicTagStudio_v0.6.8.4/src/musictagstudio/services/metadata_io.py", line 391, in _read_wavpack_apev2
    tags = APEv2(path)
  File "/mnt/data/MusicTagStudio_v0.6.8.4/tests/test_wavpack_ffprobe_fallback.py", line 72, in <lambda>
    (_ for _ in ()).throw(
    ~~~~~~~~~~~~~~~~~~~~~^
        ValueError("no ape")
        ^^^^^^^^^^^^^^^^^^^^
    ),
    ^
  File "/mnt/data/MusicTagStudio_v0.6.8.4/tests/test_wavpack_ffprobe_fallback.py", line 72, in <genexpr>
    (_ for _ in ()).throw(
ValueError: no ape
2026-07-15 10:09:55,035 | ERROR | Mutagen-WavPack-Leser fehlgeschlagen: /tmp/pytest-of-oai/pytest-9/test_ffprobe_tag_keys_are_case0/case.wv
Traceback (most recent call last):
  File "/mnt/data/MusicTagStudio_v0.6.8.4/src/musictagstudio/services/metadata_io.py", line 404, in _read_wavpack_apev2
    audio = WavPack(path)
  File "/mnt/data/MusicTagStudio_v0.6.8.4/tests/test_wavpack_ffprobe_fallback.py", line 80, in <lambda>
    (_ for _ in ()).throw(
    ~~~~~~~~~~~~~~~~~~~~~^
        ValueError("no wavpack")
        ^^^^^^^^^^^^^^^^^^^^^^^^
    ),
    ^
  File "/mnt/data/MusicTagStudio_v0.6.8.4/tests/test_wavpack_ffprobe_fallback.py", line 80, in <genexpr>
    (_ for _ in ()).throw(
ValueError: no wavpack
2026-07-15 10:09:55,037 | INFO | WavPack-Tags über ffprobe gelesen: /tmp/pytest-of-oai/pytest-9/test_ffprobe_tag_keys_are_case0/case.wv
2026-07-15 10:11:22,750 | ERROR | Direkter APEv2-Leser fehlgeschlagen: /tmp/pytest-of-oai/pytest-10/test_wavpack_uses_ffprobe_when0/dxd.wv
Traceback (most recent call last):
  File "/mnt/data/MusicTagStudio_v0.6.8.4/src/musictagstudio/services/metadata_io.py", line 391, in _read_wavpack_apev2
    tags = APEv2(path)
  File "/mnt/data/MusicTagStudio_v0.6.8.4/tests/test_wavpack_ffprobe_fallback.py", line 14, in fail
    raise IndexError(
        "list index out of range"
    )
IndexError: list index out of range
2026-07-15 10:11:22,755 | ERROR | Mutagen-WavPack-Leser fehlgeschlagen: /tmp/pytest-of-oai/pytest-10/test_wavpack_uses_ffprobe_when0/dxd.wv
Traceback (most recent call last):
  File "/mnt/data/MusicTagStudio_v0.6.8.4/src/musictagstudio/services/metadata_io.py", line 404, in _read_wavpack_apev2
    audio = WavPack(path)
  File "/mnt/data/MusicTagStudio_v0.6.8.4/tests/test_wavpack_ffprobe_fallback.py", line 14, in fail
    raise IndexError(
        "list index out of range"
    )
IndexError: list index out of range
2026-07-15 10:11:22,757 | INFO | WavPack-Tags über ffprobe gelesen: /tmp/pytest-of-oai/pytest-10/test_wavpack_uses_ffprobe_when0/dxd.wv
2026-07-15 10:11:22,762 | ERROR | Direkter APEv2-Leser fehlgeschlagen: /tmp/pytest-of-oai/pytest-10/test_ffprobe_tag_keys_are_case0/case.wv
Traceback (most recent call last):
  File "/mnt/data/MusicTagStudio_v0.6.8.4/src/musictagstudio/services/metadata_io.py", line 391, in _read_wavpack_apev2
    tags = APEv2(path)
  File "/mnt/data/MusicTagStudio_v0.6.8.4/tests/test_wavpack_ffprobe_fallback.py", line 72, in <lambda>
    (_ for _ in ()).throw(
    ~~~~~~~~~~~~~~~~~~~~~^
        ValueError("no ape")
        ^^^^^^^^^^^^^^^^^^^^
    ),
    ^
  File "/mnt/data/MusicTagStudio_v0.6.8.4/tests/test_wavpack_ffprobe_fallback.py", line 72, in <genexpr>
    (_ for _ in ()).throw(
ValueError: no ape
2026-07-15 10:11:22,766 | ERROR | Mutagen-WavPack-Leser fehlgeschlagen: /tmp/pytest-of-oai/pytest-10/test_ffprobe_tag_keys_are_case0/case.wv
Traceback (most recent call last):
  File "/mnt/data/MusicTagStudio_v0.6.8.4/src/musictagstudio/services/metadata_io.py", line 404, in _read_wavpack_apev2
    audio = WavPack(path)
  File "/mnt/data/MusicTagStudio_v0.6.8.4/tests/test_wavpack_ffprobe_fallback.py", line 80, in <lambda>
    (_ for _ in ()).throw(
    ~~~~~~~~~~~~~~~~~~~~~^
        ValueError("no wavpack")
        ^^^^^^^^^^^^^^^^^^^^^^^^
    ),
    ^
  File "/mnt/data/MusicTagStudio_v0.6.8.4/tests/test_wavpack_ffprobe_fallback.py", line 80, in <genexpr>
    (_ for _ in ()).throw(
ValueError: no wavpack
2026-07-15 10:11:22,769 | INFO | WavPack-Tags über ffprobe gelesen: /tmp/pytest-of-oai/pytest-10/test_ffprobe_tag_keys_are_case0/case.wv
2026-07-15 10:12:28,145 | ERROR | Direkter APEv2-Leser fehlgeschlagen: /tmp/pytest-of-oai/pytest-11/test_wavpack_uses_ffprobe_when0/dxd.wv
Traceback (most recent call last):
  File "/mnt/data/MusicTagStudio_v0.6.8.4/src/musictagstudio/services/metadata_io.py", line 391, in _read_wavpack_apev2
    tags = APEv2(path)
  File "/mnt/data/MusicTagStudio_v0.6.8.4/tests/test_wavpack_ffprobe_fallback.py", line 14, in fail
    raise IndexError(
        "list index out of range"
    )
IndexError: list index out of range
2026-07-15 10:12:28,152 | ERROR | Mutagen-WavPack-Leser fehlgeschlagen: /tmp/pytest-of-oai/pytest-11/test_wavpack_uses_ffprobe_when0/dxd.wv
Traceback (most recent call last):
  File "/mnt/data/MusicTagStudio_v0.6.8.4/src/musictagstudio/services/metadata_io.py", line 404, in _read_wavpack_apev2
    audio = WavPack(path)
  File "/mnt/data/MusicTagStudio_v0.6.8.4/tests/test_wavpack_ffprobe_fallback.py", line 14, in fail
    raise IndexError(
        "list index out of range"
    )
IndexError: list index out of range
2026-07-15 10:12:28,155 | INFO | WavPack-Tags über ffprobe gelesen: /tmp/pytest-of-oai/pytest-11/test_wavpack_uses_ffprobe_when0/dxd.wv
2026-07-15 10:12:28,159 | ERROR | Direkter APEv2-Leser fehlgeschlagen: /tmp/pytest-of-oai/pytest-11/test_ffprobe_tag_keys_are_case0/case.wv
Traceback (most recent call last):
  File "/mnt/data/MusicTagStudio_v0.6.8.4/src/musictagstudio/services/metadata_io.py", line 391, in _read_wavpack_apev2
    tags = APEv2(path)
  File "/mnt/data/MusicTagStudio_v0.6.8.4/tests/test_wavpack_ffprobe_fallback.py", line 72, in <lambda>
    (_ for _ in ()).throw(
    ~~~~~~~~~~~~~~~~~~~~~^
        ValueError("no ape")
        ^^^^^^^^^^^^^^^^^^^^
    ),
    ^
  File "/mnt/data/MusicTagStudio_v0.6.8.4/tests/test_wavpack_ffprobe_fallback.py", line 72, in <genexpr>
    (_ for _ in ()).throw(
ValueError: no ape
2026-07-15 10:12:28,162 | ERROR | Mutagen-WavPack-Leser fehlgeschlagen: /tmp/pytest-of-oai/pytest-11/test_ffprobe_tag_keys_are_case0/case.wv
Traceback (most recent call last):
  File "/mnt/data/MusicTagStudio_v0.6.8.4/src/musictagstudio/services/metadata_io.py", line 404, in _read_wavpack_apev2
    audio = WavPack(path)
  File "/mnt/data/MusicTagStudio_v0.6.8.4/tests/test_wavpack_ffprobe_fallback.py", line 80, in <lambda>
    (_ for _ in ()).throw(
    ~~~~~~~~~~~~~~~~~~~~~^
        ValueError("no wavpack")
        ^^^^^^^^^^^^^^^^^^^^^^^^
    ),
    ^
  File "/mnt/data/MusicTagStudio_v0.6.8.4/tests/test_wavpack_ffprobe_fallback.py", line 80, in <genexpr>
    (_ for _ in ()).throw(
ValueError: no wavpack
2026-07-15 10:12:28,165 | INFO | WavPack-Tags über ffprobe gelesen: /tmp/pytest-of-oai/pytest-11/test_ffprobe_tag_keys_are_case0/case.wv
2026-07-15 12:47:51,604 | ERROR | Direkter APEv2-Leser fehlgeschlagen: C:\Users\Michael\AppData\Local\Temp\pytest-of-Michael\pytest-19\test_wavpack_uses_ffprobe_when0\dxd.wv
Traceback (most recent call last):
  File "C:\Users\Michael\OneDrive\Documents\GitHub\MusicTagStudio\src\musictagstudio\services\metadata_io.py", line 391, in _read_wavpack_apev2
    tags = APEv2(path)
           ^^^^^^^^^^^
  File "C:\Users\Michael\OneDrive\Documents\GitHub\MusicTagStudio\tests\test_wavpack_ffprobe_fallback.py", line 14, in fail
    raise IndexError(
IndexError: list index out of range
2026-07-15 12:47:51,605 | ERROR | Mutagen-WavPack-Leser fehlgeschlagen: C:\Users\Michael\AppData\Local\Temp\pytest-of-Michael\pytest-19\test_wavpack_uses_ffprobe_when0\dxd.wv
Traceback (most recent call last):
  File "C:\Users\Michael\OneDrive\Documents\GitHub\MusicTagStudio\src\musictagstudio\services\metadata_io.py", line 404, in _read_wavpack_apev2
    audio = WavPack(path)
            ^^^^^^^^^^^^^
  File "C:\Users\Michael\OneDrive\Documents\GitHub\MusicTagStudio\tests\test_wavpack_ffprobe_fallback.py", line 14, in fail
    raise IndexError(
IndexError: list index out of range
2026-07-15 12:47:51,606 | INFO | WavPack-Tags über ffprobe gelesen: C:\Users\Michael\AppData\Local\Temp\pytest-of-Michael\pytest-19\test_wavpack_uses_ffprobe_when0\dxd.wv
2026-07-15 12:47:51,610 | ERROR | Direkter APEv2-Leser fehlgeschlagen: C:\Users\Michael\AppData\Local\Temp\pytest-of-Michael\pytest-19\test_ffprobe_tag_keys_are_case0\case.wv
Traceback (most recent call last):
  File "C:\Users\Michael\OneDrive\Documents\GitHub\MusicTagStudio\src\musictagstudio\services\metadata_io.py", line 391, in _read_wavpack_apev2
    tags = APEv2(path)
           ^^^^^^^^^^^
  File "C:\Users\Michael\OneDrive\Documents\GitHub\MusicTagStudio\tests\test_wavpack_ffprobe_fallback.py", line 72, in <lambda>
    (_ for _ in ()).throw(
  File "C:\Users\Michael\OneDrive\Documents\GitHub\MusicTagStudio\tests\test_wavpack_ffprobe_fallback.py", line 72, in <genexpr>
    (_ for _ in ()).throw(
ValueError: no ape
2026-07-15 12:47:51,611 | ERROR | Mutagen-WavPack-Leser fehlgeschlagen: C:\Users\Michael\AppData\Local\Temp\pytest-of-Michael\pytest-19\test_ffprobe_tag_keys_are_case0\case.wv
Traceback (most recent call last):
  File "C:\Users\Michael\OneDrive\Documents\GitHub\MusicTagStudio\src\musictagstudio\services\metadata_io.py", line 404, in _read_wavpack_apev2
    audio = WavPack(path)
            ^^^^^^^^^^^^^
  File "C:\Users\Michael\OneDrive\Documents\GitHub\MusicTagStudio\tests\test_wavpack_ffprobe_fallback.py", line 80, in <lambda>
    (_ for _ in ()).throw(
  File "C:\Users\Michael\OneDrive\Documents\GitHub\MusicTagStudio\tests\test_wavpack_ffprobe_fallback.py", line 80, in <genexpr>
    (_ for _ in ()).throw(
ValueError: no wavpack
2026-07-15 12:47:51,612 | INFO | WavPack-Tags über ffprobe gelesen: C:\Users\Michael\AppData\Local\Temp\pytest-of-Michael\pytest-19\test_ffprobe_tag_keys_are_case0\case.wv
